Archive member included to satisfy reference by file (symbol)

C:/ST/STM32CubeIDE_1.17.0/STM32CubeIDE/plugins/com.st.stm32cube.ide.mcu.externaltools.gnu-tools-for-stm32.12.3.rel1.win32_1.1.0.202410251130/tools/bin/../lib/gcc/arm-none-eabi/12.3.1/../../../../arm-none-eabi/lib/thumb/v7e-m+fp/hard\libc_nano.a(libc_a-exit.o)
                              C:/ST/STM32CubeIDE_1.17.0/STM32CubeIDE/plugins/com.st.stm32cube.ide.mcu.externaltools.gnu-tools-for-stm32.12.3.rel1.win32_1.1.0.202410251130/tools/bin/../lib/gcc/arm-none-eabi/12.3.1/../../../../arm-none-eabi/lib/thumb/v7e-m+fp/hard/crt0.o (exit)
C:/ST/STM32CubeIDE_1.17.0/STM32CubeIDE/plugins/com.st.stm32cube.ide.mcu.externaltools.gnu-tools-for-stm32.12.3.rel1.win32_1.1.0.202410251130/tools/bin/../lib/gcc/arm-none-eabi/12.3.1/../../../../arm-none-eabi/lib/thumb/v7e-m+fp/hard\libc_nano.a(libc_a-findfp.o)
                              C:/ST/STM32CubeIDE_1.17.0/STM32CubeIDE/plugins/com.st.stm32cube.ide.mcu.externaltools.gnu-tools-for-stm32.12.3.rel1.win32_1.1.0.202410251130/tools/bin/../lib/gcc/arm-none-eabi/12.3.1/../../../../arm-none-eabi/lib/thumb/v7e-m+fp/hard\libc_nano.a(libc_a-exit.o) (__stdio_exit_handler)
C:/ST/STM32CubeIDE_1.17.0/STM32CubeIDE/plugins/com.st.stm32cube.ide.mcu.externaltools.gnu-tools-for-stm32.12.3.rel1.win32_1.1.0.202410251130/tools/bin/../lib/gcc/arm-none-eabi/12.3.1/../../../../arm-none-eabi/lib/thumb/v7e-m+fp/hard\libc_nano.a(libc_a-fwalk.o)
                              C:/ST/STM32CubeIDE_1.17.0/STM32CubeIDE/plugins/com.st.stm32cube.ide.mcu.externaltools.gnu-tools-for-stm32.12.3.rel1.win32_1.1.0.202410251130/tools/bin/../lib/gcc/arm-none-eabi/12.3.1/../../../../arm-none-eabi/lib/thumb/v7e-m+fp/hard\libc_nano.a(libc_a-findfp.o) (_fwalk_sglue)
C:/ST/STM32CubeIDE_1.17.0/STM32CubeIDE/plugins/com.st.stm32cube.ide.mcu.externaltools.gnu-tools-for-stm32.12.3.rel1.win32_1.1.0.202410251130/tools/bin/../lib/gcc/arm-none-eabi/12.3.1/../../../../arm-none-eabi/lib/thumb/v7e-m+fp/hard\libc_nano.a(libc_a-sprintf.o)
                              ./Core/Src/app_command.o (sprintf)
C:/ST/STM32CubeIDE_1.17.0/STM32CubeIDE/plugins/com.st.stm32cube.ide.mcu.externaltools.gnu-tools-for-stm32.12.3.rel1.win32_1.1.0.202410251130/tools/bin/../lib/gcc/arm-none-eabi/12.3.1/../../../../arm-none-eabi/lib/thumb/v7e-m+fp/hard\libc_nano.a(libc_a-stdio.o)
                              C:/ST/STM32CubeIDE_1.17.0/STM32CubeIDE/plugins/com.st.stm32cube.ide.mcu.externaltools.gnu-tools-for-stm32.12.3.rel1.win32_1.1.0.202410251130/tools/bin/../lib/gcc/arm-none-eabi/12.3.1/../../../../arm-none-eabi/lib/thumb/v7e-m+fp/hard\libc_nano.a(libc_a-findfp.o) (__sread)
C:/ST/STM32CubeIDE_1.17.0/STM32CubeIDE/plugins/com.st.stm32cube.ide.mcu.externaltools.gnu-tools-for-stm32.12.3.rel1.win32_1.1.0.202410251130/tools/bin/../lib/gcc/arm-none-eabi/12.3.1/../../../../arm-none-eabi/lib/thumb/v7e-m+fp/hard\libc_nano.a(libc_a-memset.o)
                              C:/ST/STM32CubeIDE_1.17.0/STM32CubeIDE/plugins/com.st.stm32cube.ide.mcu.externaltools.gnu-tools-for-stm32.12.3.rel1.win32_1.1.0.202410251130/tools/bin/../lib/gcc/arm-none-eabi/12.3.1/../../../../arm-none-eabi/lib/thumb/v7e-m+fp/hard/crt0.o (memset)
C:/ST/STM32CubeIDE_1.17.0/STM32CubeIDE/plugins/com.st.stm32cube.ide.mcu.externaltools.gnu-tools-for-stm32.12.3.rel1.win32_1.1.0.202410251130/tools/bin/../lib/gcc/arm-none-eabi/12.3.1/../../../../arm-none-eabi/lib/thumb/v7e-m+fp/hard\libc_nano.a(libc_a-closer.o)
                              C:/ST/STM32CubeIDE_1.17.0/STM32CubeIDE/plugins/com.st.stm32cube.ide.mcu.externaltools.gnu-tools-for-stm32.12.3.rel1.win32_1.1.0.202410251130/tools/bin/../lib/gcc/arm-none-eabi/12.3.1/../../../../arm-none-eabi/lib/thumb/v7e-m+fp/hard\libc_nano.a(libc_a-stdio.o) (_close_r)
C:/ST/STM32CubeIDE_1.17.0/STM32CubeIDE/plugins/com.st.stm32cube.ide.mcu.externaltools.gnu-tools-for-stm32.12.3.rel1.win32_1.1.0.202410251130/tools/bin/../lib/gcc/arm-none-eabi/12.3.1/../../../../arm-none-eabi/lib/thumb/v7e-m+fp/hard\libc_nano.a(libc_a-reent.o)
                              C:/ST/STM32CubeIDE_1.17.0/STM32CubeIDE/plugins/com.st.stm32cube.ide.mcu.externaltools.gnu-tools-for-stm32.12.3.rel1.win32_1.1.0.202410251130/tools/bin/../lib/gcc/arm-none-eabi/12.3.1/../../../../arm-none-eabi/lib/thumb/v7e-m+fp/hard\libc_nano.a(libc_a-closer.o) (errno)
C:/ST/STM32CubeIDE_1.17.0/STM32CubeIDE/plugins/com.st.stm32cube.ide.mcu.externaltools.gnu-tools-for-stm32.12.3.rel1.win32_1.1.0.202410251130/tools/bin/../lib/gcc/arm-none-eabi/12.3.1/../../../../arm-none-eabi/lib/thumb/v7e-m+fp/hard\libc_nano.a(libc_a-impure.o)
                              C:/ST/STM32CubeIDE_1.17.0/STM32CubeIDE/plugins/com.st.stm32cube.ide.mcu.externaltools.gnu-tools-for-stm32.12.3.rel1.win32_1.1.0.202410251130/tools/bin/../lib/gcc/arm-none-eabi/12.3.1/../../../../arm-none-eabi/lib/thumb/v7e-m+fp/hard\libc_nano.a(libc_a-sprintf.o) (_impure_ptr)
[...]
Memory Configuration

Name             Origin             Length             Attributes
RAM              0x20000000         0x00050000         xrw
FLASH            0x08000000         0x00100000         xr
*default*        0x00000000         0xffffffff

Linker script and memory map

LOAD C:/ST/STM32CubeIDE_1.17.0/STM32CubeIDE/plugins/com.st.stm32cube.ide.mcu.externaltools.gnu-tools-for-stm32.12.3.rel1.win32_1.1.0.202410251130/tools/bin/../lib/gcc/arm-none-eabi/12.3.1/thumb/v7e-m+fp/hard/crti.o
LOAD C:/ST/STM32CubeIDE_1.17.0/STM32CubeIDE/plugins/com.st.stm32cube.ide.mcu.externaltools.gnu-tools-for-stm32.12.3.rel1.win32_1.1.0.202410251130/tools/bin/../lib/gcc/arm-none-eabi/12.3.1/thumb/v7e-m+fp/hard/crtbegin.o
LOAD C:/ST/STM32CubeIDE_1.17.0/STM32CubeIDE/plugins/com.st.stm32cube.ide.mcu.externaltools.gnu-tools-for-stm32.12.3.rel1.win32_1.1.0.202410251130/tools/bin/../lib/gcc/arm-none-eabi/12.3.1/../../../../arm-none-eabi/lib/thumb/v7e-m+fp/hard/crt0.o
LOAD ./Core/Src/app_command.o
LOAD ./Core/Src/app_led.o
LOAD ./Core/Src/app_log.o
LOAD ./Core/Src/app_main.o
LOAD ./Core/Src/app_system.o
LOAD ./Core/Src/app_uart.o
LOAD ./Core/Src/main.o
LOAD ./Core/Src/stm32f7xx_hal_msp.o
LOAD ./Core/Src/stm32f7xx_it.o
LOAD ./Core/Src/syscalls.o
LOAD ./Core/Src/sysmem.o
LOAD ./Core/Src/system_stm32f7xx.o
LOAD ./Core/Startup/startup_stm32f746igtx.o
LOAD ./Drivers/STM32F7xx_HAL_Driver/Src/stm32f7xx_hal.o
LOAD ./Drivers/STM32F7xx_HAL_Driver/Src/stm32f7xx_hal_cortex.o
LOAD ./Drivers/STM32F7xx_HAL_Driver/Src/stm32f7xx_hal_dma.o
LOAD ./Drivers/STM32F7xx_HAL_Driver/Src/stm32f7xx_hal_dma_ex.o
LOAD ./Drivers/STM32F7xx_HAL_Driver/Src/stm32f7xx_hal_exti.o
LOAD ./Drivers/STM32F7xx_HAL_Driver/Src/stm32f7xx_hal_flash.o
LOAD ./Drivers/STM32F7xx_HAL_Driver/Src/stm32f7xx_hal_flash_ex.o
LOAD ./Drivers/STM32F7xx_HAL_Driver/Src/stm32f7xx_hal_gpio.o
LOAD ./Drivers/STM32F7xx_HAL_Driver/Src/stm32f7xx_hal_i2c.o
LOAD ./Drivers/STM32F7xx_HAL_Driver/Src/stm32f7xx_hal_i2c_ex.o
LOAD ./Drivers/STM32F7xx_HAL_Driver/Src/stm32f7xx_hal_pwr.o
LOAD ./Drivers/STM32F7xx_HAL_Driver/Src/stm32f7xx_hal_pwr_ex.o
LOAD ./Drivers/STM32F7xx_HAL_Driver/Src/stm32f7xx_hal_rcc.o
LOAD ./Drivers/STM32F7xx_HAL_Driver/Src/stm32f7xx_hal_rcc_ex.o
LOAD ./Drivers/STM32F7xx_HAL_Driver/Src/stm32f7xx_hal_uart.o
LOAD ./Drivers/STM32F7xx_HAL_Driver/Src/stm32f7xx_hal_uart_ex.o
START GROUP
LOAD C:/ST/STM32CubeIDE_1.17.0/STM32CubeIDE/plugins/com.st.stm32cube.ide.mcu.externaltools.gnu-tools-for-stm32.12.3.rel1.win32_1.1.0.202410251130/tools/bin/../lib/gcc/arm-none-eabi/12.3.1/../../../../arm-none-eabi/lib/thumb/v7e-m+fp/hard\libc_nano.a
LOAD C:/ST/STM32CubeIDE_1.17.0/STM32CubeIDE/plugins/com.st.stm32cube.ide.mcu.externaltools.gnu-tools-for-stm32.12.3.rel1.win32_1.1.0.202410251130/tools/bin/../lib/gcc/arm-none-eabi/12.3.1/../../../../arm-none-eabi/lib/thumb/v7e-m+fp/hard\libm.a
END GROUP
START GROUP
LOAD C:/ST/STM32CubeIDE_1.17.0/STM32CubeIDE/plugins/com.st.stm32cube.ide.mcu.externaltools.gnu-tools-for-stm32.12.3.rel1.win32_1.1.0.202410251130/tools/bin/../lib/gcc/arm-none-eabi/12.3.1/thumb/v7e-m+fp/hard\libgcc.a
LOAD C:/ST/STM32CubeIDE_1.17.0/STM32CubeIDE/plugins/com.st.stm32cube.ide.mcu.externaltools.gnu-tools-for-stm32.12.3.rel1.win32_1.1.0.202410251130/tools/bin/../lib/gcc/arm-none-eabi/12.3.1/../../../../arm-none-eabi/lib/thumb/v7e-m+fp/hard\libc_nano.a
END GROUP
START GROUP
LOAD C:/ST/STM32CubeIDE_1.17.0/STM32CubeIDE/plugins/com.st.stm32cube.ide.mcu.externaltools.gnu-tools-for-stm32.12.3.rel1.win32_1.1.0.202410251130/tools/bin/../lib/gcc/arm-none-eabi/12.3.1/thumb/v7e-m+fp/hard\libgcc.a
LOAD C:/ST/STM32CubeIDE_1.17.0/STM32CubeIDE/plugins/com.st.stm32cube.ide.mcu.externaltools.gnu-tools-for-stm32.12.3.rel1.win32_1.1.0.202410251130/tools/bin/../lib/gcc/arm-none-eabi/12.3.1/../../../../arm-none-eabi/lib/thumb/v7e-m+fp/hard\libc_nano.a
LOAD C:/ST/STM32CubeIDE_1.17.0/STM32CubeIDE/plugins/com.st.stm32cube.ide.mcu.externaltools.gnu-tools-for-stm32.12.3.rel1.win32_1.1.0.202410251130/tools/bin/../lib/gcc/arm-none-eabi/12.3.1/../../../../arm-none-eabi/lib/thumb/v7e-m+fp/hard\libnosys.a
END GROUP
START GROUP
LOAD C:/ST/STM32CubeIDE_1.17.0/STM32CubeIDE/plugins/com.st.stm32cube.ide.mcu.externaltools.gnu-tools-for-stm32.12.3.rel1.win32_1.1.0.202410251130/tools/bin/../lib/gcc/arm-none-eabi/12.3.1/thumb/v7e-m+fp/hard\libgcc.a
LOAD C:/ST/STM32CubeIDE_1.17.0/STM32CubeIDE/plugins/com.st.stm32cube.ide.mcu.externaltools.gnu-tools-for-stm32.12.3.rel1.win32_1.1.0.202410251130/tools/bin/../lib/gcc/arm-none-eabi/12.3.1/../../../../arm-none-eabi/lib/thumb/v7e-m+fp/hard\libc_nano.a
LOAD C:/ST/STM32CubeIDE_1.17.0/STM32CubeIDE/plugins/com.st.stm32cube.ide.mcu.externaltools.gnu-tools-for-stm32.12.3.rel1.win32_1.1.0.202410251130/tools/bin/../lib/gcc/arm-none-eabi/12.3.1/../../../../arm-none-eabi/lib/thumb/v7e-m+fp/hard\libnosys.a
END GROUP
LOAD C:/ST/STM32CubeIDE_1.17.0/STM32CubeIDE/plugins/com.st.stm32cube.ide.mcu.externaltools.gnu-tools-for-stm32.12.3.rel1.win32_1.1.0.202410251130/tools/bin/../lib/gcc/arm-none-eabi/12.3.1/thumb/v7e-m+fp/hard/crtend.o
LOAD C:/ST/STM32CubeIDE_1.17.0/STM32CubeIDE/plugins/com.st.stm32cube.ide.mcu.externaltools.gnu-tools-for-stm32.12.3.rel1.win32_1.1.0.202410251130/tools/bin/../lib/gcc/arm-none-eabi/12.3.1/thumb/v7e-m+fp/hard/crtn.o
                0x20050000                        _estack = (ORIGIN (RAM) + LENGTH (RAM))
                0x00000200                        _Min_Heap_Size = 0x200
                0x00000400                        _Min_Stack_Size = 0x400

.isr_vector     0x08000000      0x1c8
                0x08000000                        . = ALIGN (0x4)
 *(.isr_vector)
 .isr_vector    0x08000000      0x1c8 ./Core/Startup/startup_stm32f746igtx.o
                0x08000000                g_pfnVectors
                0x080001c8                        . = ALIGN (0x4)

.text           0x080001d0     0x3a38
                0x080001d0                        . = ALIGN (0x4)
 *(.text)
 .text          0x080001d0       0x40 C:/ST/STM32CubeIDE_1.17.0/STM32CubeIDE/plugins/com.st.stm32cube.ide.mcu.externaltools.gnu-tools-for-stm32.12.3.rel1.win32_1.1.0.202410251130/tools/bin/../lib/gcc/arm-none-eabi/12.3.1/thumb/v7e-m+fp/hard/crtbegin.o
 .text          0x08000210       0x14 C:/ST/STM32CubeIDE_1.17.0/STM32CubeIDE/plugins/com.st.stm32cube.ide.mcu.externaltools.gnu-tools-for-stm32.12.3.rel1.win32_1.1.0.202410251130/tools/bin/../lib/gcc/arm-none-eabi/12.3.1/../../../../arm-none-eabi/lib/thumb/v7e-m+fp/hard\libc_nano.a(libc_a-strcmp.o)
                0x08000210                strcmp
 .text          0x08000224       0x10 C:/ST/STM32CubeIDE_1.17.0/STM32CubeIDE/plugins/com.st.stm32cube.ide.mcu.externaltools.gnu-tools-for-stm32.12.3.rel1.win32_1.1.0.202410251130/tools/bin/../lib/gcc/arm-none-eabi/12.3.1/../../../../arm-none-eabi/lib/thumb/v7e-m+fp/hard\libc_nano.a(libc_a-strlen.o)
                0x08000224                strlen
 *fill*         0x08000234        0xc 
 .text          0x08000240       0xa0 C:/ST/STM32CubeIDE_1.17.0/STM32CubeIDE/plugins/com.st.stm32cube.ide.mcu.externaltools.gnu-tools-for-stm32.12.3.rel1.win32_1.1.0.202410251130/tools/bin/../lib/gcc/arm-none-eabi/12.3.1/../../../../arm-none-eabi/lib/thumb/v7e-m+fp/hard\libc_nano.a(libc_a-memchr.o)
                0x08000240                memchr
 .text          0x080002e0       0x30 C:/ST/STM32CubeIDE_1.17.0/STM32CubeIDE/plugins/com.st.stm32cube.ide.mcu.externaltools.gnu-tools-for-stm32.12.3.rel1.win32_1.1.0.202410251130/tools/bin/../lib/gcc/arm-none-eabi/12.3.1/thumb/v7e-m+fp/hard\libgcc.a(_aeabi_uldivmod.o)
                0x080002e0                __aeabi_uldivmod
 .text          0x08000310      0x2bc C:/ST/STM32CubeIDE_1.17.0/STM32CubeIDE/plugins/com.st.stm32cube.ide.mcu.externaltools.gnu-tools-for-stm32.12.3.rel1.win32_1.1.0.202410251130/tools/bin/../lib/gcc/arm-none-eabi/12.3.1/thumb/v7e-m+fp/hard\libgcc.a(_udivmoddi4.o)
                0x08000310                __udivmoddi4
 .text          0x080005cc        0x4 C:/ST/STM32CubeIDE_1.17.0/STM32CubeIDE/plugins/com.st.stm32cube.ide.mcu.externaltools.gnu-tools-for-stm32.12.3.rel1.win32_1.1.0.202410251130/tools/bin/../lib/gcc/arm-none-eabi/12.3.1/thumb/v7e-m+fp/hard\libgcc.a(_dvmd_tls.o)
                0x080005cc                __aeabi_idiv0
                0x080005cc                __aeabi_ldiv0
 *(.text*)
 .text.Command_Process
                0x080005d0      0x218 ./Core/Src/app_command.o
                0x080005d0                Command_Process
 .text.LED_On   0x080007e8       0x18 ./Core/Src/app_led.o
                0x080007e8                LED_On
 .text.LED_Off  0x08000800       0x18 ./Core/Src/app_led.o
                0x08000800                LED_Off
 .text.LED_Toggle
                0x08000818       0x14 ./Core/Src/app_led.o
                0x08000818                LED_Toggle
 .text.LED_GetState
                0x0800082c       0x18 ./Core/Src/app_led.o
                0x0800082c                LED_GetState
 .text.Log_Info
                0x08000844       0x2c ./Core/Src/app_log.o
                0x08000844                Log_Info
 .text.Log_Error
                0x08000870       0x2c ./Core/Src/app_log.o
                0x08000870                Log_Error
 .text.Log_Warning
                0x0800089c       0x2c ./Core/Src/app_log.o
                0x0800089c                Log_Warning
 .text.App_Main_Init
                0x080008c8       0x2c ./Core/Src/app_main.o
                0x080008c8                App_Main_Init
 .text.App_Main_Loop
                0x080008f4       0x94 ./Core/Src/app_main.o
                0x080008f4                App_Main_Loop
 .text.System_Init
                0x08000988       0x18 ./Core/Src/app_system.o
                0x08000988                System_Init
 .text.System_SetState
                0x080009a0       0x20 ./Core/Src/app_system.o
                0x080009a0                System_SetState
 .text.System_GetStateString
                0x080009c0       0x38 ./Core/Src/app_system.o
                0x080009c0                System_GetStateString
 .text.System_Reset
                0x080009f8       0x18 ./Core/Src/app_system.o
                0x080009f8                System_Reset
 .text.System_GetUptimeSeconds
                0x08000a10       0x1c ./Core/Src/app_system.o
                0x08000a10                System_GetUptimeSeconds
 .text.UART_Send
                0x08000a2c       0x2c ./Core/Src/app_uart.o
                0x08000a2c                UART_Send
 .text.main     0x08000a58       0x22 ./Core/Src/main.o
                0x08000a58                main
 *fill*         0x08000a7a        0x2 
 .text.SystemClock_Config
                0x08000a7c       0xb8 ./Core/Src/main.o
                0x08000a7c                SystemClock_Config
 .text.MX_USART1_UART_Init
                0x08000b34       0x60 ./Core/Src/main.o
 .text.MX_GPIO_Init
                0x08000b94       0x7c ./Core/Src/main.o
 .text.MPU_Config
                0x08000c10       0x58 ./Core/Src/main.o
 .text.Error_Handler
                0x08000c68        0xc ./Core/Src/main.o
                0x08000c68                Error_Handler
 .text.HAL_MspInit
                0x08000c74       0x48 ./Core/Src/stm32f7xx_hal_msp.o
                0x08000c74                HAL_MspInit
 .text.HAL_UART_MspInit
                0x08000cbc       0xbc ./Core/Src/stm32f7xx_hal_msp.o
                0x08000cbc                HAL_UART_MspInit
 .text.NMI_Handler
                0x08000d78        0x8 ./Core/Src/stm32f7xx_it.o
                0x08000d78                NMI_Handler
 .text.HardFault_Handler
                0x08000d80        0x8 ./Core/Src/stm32f7xx_it.o
                0x08000d80                HardFault_Handler
 .text.MemManage_Handler
                0x08000d88        0x8 ./Core/Src/stm32f7xx_it.o
                0x08000d88                MemManage_Handler
 .text.BusFault_Handler
                0x08000d90        0x8 ./Core/Src/stm32f7xx_it.o
                0x08000d90                BusFault_Handler
 .text.UsageFault_Handler
                0x08000d98        0x8 ./Core/Src/stm32f7xx_it.o
                0x08000d98                UsageFault_Handler
 .text.SVC_Handler
                0x08000da0        0xe ./Core/Src/stm32f7xx_it.o
                0x08000da0                SVC_Handler
 .text.DebugMon_Handler
                0x08000dae        0xe ./Core/Src/stm32f7xx_it.o
                0x08000dae                DebugMon_Handler
 .text.PendSV_Handler
                0x08000dbc        0xe ./Core/Src/stm32f7xx_it.o
                0x08000dbc                PendSV_Handler
 .text.SysTick_Handler
                0x08000dca        0xc ./Core/Src/stm32f7xx_it.o
                0x08000dca                SysTick_Handler
 *fill*         0x08000dd6        0x2 
 .text._sbrk    0x08000dd8       0x6c ./Core/Src/sysmem.o
                0x08000dd8                _sbrk
 .text.SystemInit
                0x08000e44       0x24 ./Core/Src/system_stm32f7xx.o
                0x08000e44                SystemInit
 .text.Reset_Handler
                0x08000e68       0x50 ./Core/Startup/startup_stm32f746igtx.o
                0x08000e68                Reset_Handler
 .text.Default_Handler
                0x08000eb8        0x2 ./Core/Startup/startup_stm32f746igtx.o
                0x08000eb8                RTC_Alarm_IRQHandler
                0x08000eb8                EXTI2_IRQHandler
                0x08000eb8                TIM8_CC_IRQHandler
                0x08000eb8                UART8_IRQHandler
                0x08000eb8                SPI4_IRQHandler
                0x08000eb8                TIM1_CC_IRQHandler
                0x08000eb8                DMA2_Stream5_IRQHandler
                0x08000eb8                DMA1_Stream5_IRQHandler
                0x08000eb8                PVD_IRQHandler
                0x08000eb8                TAMP_STAMP_IRQHandler
                0x08000eb8                CAN2_RX1_IRQHandler
                0x08000eb8                EXTI3_IRQHandler
                0x08000eb8                TIM8_TRG_COM_TIM14_IRQHandler
                0x08000eb8                TIM1_UP_TIM10_IRQHandler
                0x08000eb8                TIM8_UP_TIM13_IRQHandler
                0x08000eb8                I2C3_ER_IRQHandler
                0x08000eb8                EXTI0_IRQHandler
                0x08000eb8                I2C2_EV_IRQHandler
                0x08000eb8                DMA1_Stream2_IRQHandler
                0x08000eb8                CAN1_RX0_IRQHandler
                0x08000eb8                FPU_IRQHandler
                0x08000eb8                OTG_HS_WKUP_IRQHandler
                0x08000eb8                LTDC_ER_IRQHandler
                0x08000eb8                CAN2_SCE_IRQHandler
                0x08000eb8                DMA2_Stream2_IRQHandler
                0x08000eb8                SPI1_IRQHandler
                0x08000eb8                TIM6_DAC_IRQHandler
                0x08000eb8                TIM1_BRK_TIM9_IRQHandler
                0x08000eb8                DCMI_IRQHandler
                0x08000eb8                CAN2_RX0_IRQHandler
                0x08000eb8                DMA2_Stream3_IRQHandler
                0x08000eb8                SAI2_IRQHandler
                0x08000eb8                USART6_IRQHandler
                0x08000eb8                USART3_IRQHandler
                0x08000eb8                CAN1_RX1_IRQHandler
                0x08000eb8                UART5_IRQHandler
                0x08000eb8                DMA2_Stream0_IRQHandler
                0x08000eb8                TIM4_IRQHandler
                0x08000eb8                QUADSPI_IRQHandler
                0x08000eb8                I2C1_EV_IRQHandler
                0x08000eb8                DMA1_Stream6_IRQHandler
                0x08000eb8                DMA1_Stream1_IRQHandler
                0x08000eb8                UART4_IRQHandler
                0x08000eb8                TIM3_IRQHandler
                0x08000eb8                RCC_IRQHandler
                0x08000eb8                TIM8_BRK_TIM12_IRQHandler
                0x08000eb8                Default_Handler
                0x08000eb8                CEC_IRQHandler
                0x08000eb8                EXTI15_10_IRQHandler
                0x08000eb8                ADC_IRQHandler
                0x08000eb8                DMA1_Stream7_IRQHandler
                0x08000eb8                SPI5_IRQHandler
                0x08000eb8                TIM7_IRQHandler
                0x08000eb8                SDMMC1_IRQHandler
                0x08000eb8                CAN2_TX_IRQHandler
                0x08000eb8                TIM5_IRQHandler
                0x08000eb8                DMA2_Stream7_IRQHandler
                0x08000eb8                I2C3_EV_IRQHandler
                0x08000eb8                EXTI9_5_IRQHandler
                0x08000eb8                RTC_WKUP_IRQHandler
                0x08000eb8                LTDC_IRQHandler
                0x08000eb8                ETH_WKUP_IRQHandler
                0x08000eb8                SPDIF_RX_IRQHandler
                0x08000eb8                SPI2_IRQHandler
                0x08000eb8                OTG_HS_EP1_IN_IRQHandler
                0x08000eb8                DMA1_Stream0_IRQHandler
                0x08000eb8                CAN1_TX_IRQHandler
                0x08000eb8                EXTI4_IRQHandler
                0x08000eb8                RNG_IRQHandler
                0x08000eb8                ETH_IRQHandler
                0x08000eb8                OTG_HS_EP1_OUT_IRQHandler
                0x08000eb8                WWDG_IRQHandler
                0x08000eb8                SPI6_IRQHandler
                0x08000eb8                I2C4_EV_IRQHandler
                0x08000eb8                TIM2_IRQHandler
                0x08000eb8                OTG_FS_WKUP_IRQHandler
                0x08000eb8                TIM1_TRG_COM_TIM11_IRQHandler
                0x08000eb8                OTG_HS_IRQHandler
                0x08000eb8                DMA2D_IRQHandler
                0x08000eb8                EXTI1_IRQHandler
                0x08000eb8                UART7_IRQHandler
                0x08000eb8                USART2_IRQHandler
                0x08000eb8                I2C2_ER_IRQHandler
                0x08000eb8                DMA2_Stream1_IRQHandler
                0x08000eb8                CAN1_SCE_IRQHandler
                0x08000eb8                FLASH_IRQHandler
                0x08000eb8                DMA2_Stream4_IRQHandler
                0x08000eb8                USART1_IRQHandler
                0x08000eb8                OTG_FS_IRQHandler
                0x08000eb8                SPI3_IRQHandler
                0x08000eb8                DMA1_Stream4_IRQHandler
                0x08000eb8                I2C1_ER_IRQHandler
                0x08000eb8                FMC_IRQHandler
                0x08000eb8                LPTIM1_IRQHandler
                0x08000eb8                I2C4_ER_IRQHandler
                0x08000eb8                DMA2_Stream6_IRQHandler
                0x08000eb8                SAI1_IRQHandler
                0x08000eb8                DMA1_Stream3_IRQHandler
 .text.HAL_Init
                0x08000eba       0x1a ./Drivers/STM32F7xx_HAL_Driver/Src/stm32f7xx_hal.o
                0x08000eba                HAL_Init
 .text.HAL_InitTick
                0x08000ed4       0x60 ./Drivers/STM32F7xx_HAL_Driver/Src/stm32f7xx_hal.o
                0x08000ed4                HAL_InitTick
 .text.HAL_IncTick
                0x08000f34       0x28 ./Drivers/STM32F7xx_HAL_Driver/Src/stm32f7xx_hal.o
                0x08000f34                HAL_IncTick
 .text.HAL_GetTick
                0x08000f5c       0x18 ./Drivers/STM32F7xx_HAL_Driver/Src/stm32f7xx_hal.o
                0x08000f5c                HAL_GetTick
 .text.__NVIC_SetPriorityGrouping
                0x08000f74       0x48 ./Drivers/STM32F7xx_HAL_Driver/Src/stm32f7xx_hal_cortex.o
 .text.__NVIC_GetPriorityGrouping
                0x08000fbc       0x1c ./Drivers/STM32F7xx_HAL_Driver/Src/stm32f7xx_hal_cortex.o
 .text.__NVIC_SetPriority
                0x08000fd8       0x54 ./Drivers/STM32F7xx_HAL_Driver/Src/stm32f7xx_hal_cortex.o
 .text.NVIC_EncodePriority
                0x0800102c       0x66 ./Drivers/STM32F7xx_HAL_Driver/Src/stm32f7xx_hal_cortex.o
 *fill*         0x08001092        0x2 
 .text.SysTick_Config
                0x08001094       0x44 ./Drivers/STM32F7xx_HAL_Driver/Src/stm32f7xx_hal_cortex.o
 .text.HAL_NVIC_SetPriorityGrouping
                0x080010d8       0x16 ./Drivers/STM32F7xx_HAL_Driver/Src/stm32f7xx_hal_cortex.o
                0x080010d8                HAL_NVIC_SetPriorityGrouping
 .text.HAL_NVIC_SetPriority
                0x080010ee       0x38 ./Drivers/STM32F7xx_HAL_Driver/Src/stm32f7xx_hal_cortex.o
                0x080010ee                HAL_NVIC_SetPriority
 .text.HAL_SYSTICK_Config
                0x08001126       0x18 ./Drivers/STM32F7xx_HAL_Driver/Src/stm32f7xx_hal_cortex.o
                0x08001126                HAL_SYSTICK_Config
 *fill*         0x0800113e        0x2 
 .text.HAL_MPU_Disable
                0x08001140       0x30 ./Drivers/STM32F7xx_HAL_Driver/Src/stm32f7xx_hal_cortex.o
                0x08001140                HAL_MPU_Disable
 .text.HAL_MPU_Enable
                0x08001170       0x40 ./Drivers/STM32F7xx_HAL_Driver/Src/stm32f7xx_hal_cortex.o
                0x08001170                HAL_MPU_Enable
 .text.HAL_MPU_ConfigRegion
                0x080011b0       0x80 ./Drivers/STM32F7xx_HAL_Driver/Src/stm32f7xx_hal_cortex.o
                0x080011b0                HAL_MPU_ConfigRegion
 .text.HAL_GPIO_Init
                0x08001230      0x358 ./Drivers/STM32F7xx_HAL_Driver/Src/stm32f7xx_hal_gpio.o
                0x08001230                HAL_GPIO_Init
 .text.HAL_GPIO_ReadPin
                0x08001588       0x30 ./Drivers/STM32F7xx_HAL_Driver/Src/stm32f7xx_hal_gpio.o
                0x08001588                HAL_GPIO_ReadPin
 .text.HAL_GPIO_WritePin
                0x080015b8       0x32 ./Drivers/STM32F7xx_HAL_Driver/Src/stm32f7xx_hal_gpio.o
                0x080015b8                HAL_GPIO_WritePin
 .text.HAL_GPIO_TogglePin
                0x080015ea       0x34 ./Drivers/STM32F7xx_HAL_Driver/Src/stm32f7xx_hal_gpio.o
                0x080015ea                HAL_GPIO_TogglePin
 *fill*         0x0800161e        0x2 
 .text.HAL_RCC_OscConfig
                0x08001620      0x548 ./Drivers/STM32F7xx_HAL_Driver/Src/stm32f7xx_hal_rcc.o
                0x08001620                HAL_RCC_OscConfig
 .text.HAL_RCC_ClockConfig
                0x08001b68      0x1d8 ./Drivers/STM32F7xx_HAL_Driver/Src/stm32f7xx_hal_rcc.o
                0x08001b68                HAL_RCC_ClockConfig
 .text.HAL_RCC_GetSysClockFreq
                0x08001d40      0x18c ./Drivers/STM32F7xx_HAL_Driver/Src/stm32f7xx_hal_rcc.o
                0x08001d40                HAL_RCC_GetSysClockFreq
 .text.HAL_RCC_GetHCLKFreq
                0x08001ecc       0x18 ./Drivers/STM32F7xx_HAL_Driver/Src/stm32f7xx_hal_rcc.o
                0x08001ecc                HAL_RCC_GetHCLKFreq
 .text.HAL_RCC_GetPCLK1Freq
                0x08001ee4       0x28 ./Drivers/STM32F7xx_HAL_Driver/Src/stm32f7xx_hal_rcc.o
                0x08001ee4                HAL_RCC_GetPCLK1Freq
 .text.HAL_RCC_GetPCLK2Freq
                0x08001f0c       0x28 ./Drivers/STM32F7xx_HAL_Driver/Src/stm32f7xx_hal_rcc.o
                0x08001f0c                HAL_RCC_GetPCLK2Freq
 .text.HAL_RCCEx_PeriphCLKConfig
                0x08001f34      0x7e0 ./Drivers/STM32F7xx_HAL_Driver/Src/stm32f7xx_hal_rcc_ex.o
                0x08001f34                HAL_RCCEx_PeriphCLKConfig
 .text.HAL_UART_Init
                0x08002714       0x9c ./Drivers/STM32F7xx_HAL_Driver/Src/stm32f7xx_hal_uart.o
                0x08002714                HAL_UART_Init
 .text.HAL_UART_Transmit
                0x080027b0      0x112 ./Drivers/STM32F7xx_HAL_Driver/Src/stm32f7xx_hal_uart.o
                0x080027b0                HAL_UART_Transmit
 .text.HAL_UART_Receive
                0x080028c2      0x190 ./Drivers/STM32F7xx_HAL_Driver/Src/stm32f7xx_hal_uart.o
                0x080028c2                HAL_UART_Receive
 *fill*         0x08002a52        0x2 
 .text.UART_SetConfig
                0x08002a54      0x4c8 ./Drivers/STM32F7xx_HAL_Driver/Src/stm32f7xx_hal_uart.o
                0x08002a54                UART_SetConfig
 .text.UART_AdvFeatureConfig
                0x08002f1c      0x144 ./Drivers/STM32F7xx_HAL_Driver/Src/stm32f7xx_hal_uart.o
                0x08002f1c                UART_AdvFeatureConfig
 .text.UART_CheckIdleState
                0x08003060       0xae ./Drivers/STM32F7xx_HAL_Driver/Src/stm32f7xx_hal_uart.o
                0x08003060                UART_CheckIdleState
 .text.UART_WaitOnFlagUntilTimeout
                0x0800310e       0xda ./Drivers/STM32F7xx_HAL_Driver/Src/stm32f7xx_hal_uart.o
                0x0800310e                UART_WaitOnFlagUntilTimeout
 .text.UART_EndRxTransfer
                0x080031e8       0xc8 ./Drivers/STM32F7xx_HAL_Driver/Src/stm32f7xx_hal_uart.o
 .text.sprintf  0x080032b0       0x40 C:/ST/STM32CubeIDE_1.17.0/STM32CubeIDE/plugins/com.st.stm32cube.ide.mcu.externaltools.gnu-tools-for-stm32.12.3.rel1.win32_1.1.0.202410251130/tools/bin/../lib/gcc/arm-none-eabi/12.3.1/../../../../arm-none-eabi/lib/thumb/v7e-m+fp/hard\libc_nano.a(libc_a-sprintf.o)
                0x080032b0                siprintf
                0x080032b0                sprintf
 .text.memset   0x080032f0       0x10 C:/ST/STM32CubeIDE_1.17.0/STM32CubeIDE/plugins/com.st.stm32cube.ide.mcu.externaltools.gnu-tools-for-stm32.12.3.rel1.win32_1.1.0.202410251130/tools/bin/../lib/gcc/arm-none-eabi/12.3.1/../../../../arm-none-eabi/lib/thumb/v7e-m+fp/hard\libc_nano.a(libc_a-memset.o)
                0x080032f0                memset
 .text.__errno  0x08003300        0xc C:/ST/STM32CubeIDE_1.17.0/STM32CubeIDE/plugins/com.st.stm32cube.ide.mcu.externaltools.gnu-tools-for-stm32.12.3.rel1.win32_1.1.0.202410251130/tools/bin/../lib/gcc/arm-none-eabi/12.3.1/../../../../arm-none-eabi/lib/thumb/v7e-m+fp/hard\libc_nano.a(libc_a-errno.o)
                0x08003300                __errno
 .text.__libc_init_array
                0x0800330c       0x48 C:/ST/STM32CubeIDE_1.17.0/STM32CubeIDE/plugins/com.st.stm32cube.ide.mcu.externaltools.gnu-tools-for-stm32.12.3.rel1.win32_1.1.0.202410251130/tools/bin/../lib/gcc/arm-none-eabi/12.3.1/../../../../arm-none-eabi/lib/thumb/v7e-m+fp/hard\libc_nano.a(libc_a-init.o)
                0x0800330c                __libc_init_array
 .text.__retarget_lock_acquire_recursive
                0x08003354        0x2 C:/ST/STM32CubeIDE_1.17.0/STM32CubeIDE/plugins/com.st.stm32cube.ide.mcu.externaltools.gnu-tools-for-stm32.12.3.rel1.win32_1.1.0.202410251130/tools/bin/../lib/gcc/arm-none-eabi/12.3.1/../../../../arm-none-eabi/lib/thumb/v7e-m+fp/hard\libc_nano.a(libc_a-lock.o)
                0x08003354                __retarget_lock_acquire_recursive
 .text.__retarget_lock_release_recursive
                0x08003356        0x2 C:/ST/STM32CubeIDE_1.17.0/STM32CubeIDE/plugins/com.st.stm32cube.ide.mcu.externaltools.gnu-tools-for-stm32.12.3.rel1.win32_1.1.0.202410251130/tools/bin/../lib/gcc/arm-none-eabi/12.3.1/../../../../arm-none-eabi/lib/thumb/v7e-m+fp/hard\libc_nano.a(libc_a-lock.o)
                0x08003356                __retarget_lock_release_recursive
 .text._free_r  0x08003358       0x94 C:/ST/STM32CubeIDE_1.17.0/STM32CubeIDE/plugins/com.st.stm32cube.ide.mcu.externaltools.gnu-tools-for-stm32.12.3.rel1.win32_1.1.0.202410251130/tools/bin/../lib/gcc/arm-none-eabi/12.3.1/../../../../arm-none-eabi/lib/thumb/v7e-m+fp/hard\libc_nano.a(libc_a-freer.o)
                0x08003358                _free_r
 .text.sbrk_aligned
                0x080033ec       0x44 C:/ST/STM32CubeIDE_1.17.0/STM32CubeIDE/plugins/com.st.stm32cube.ide.mcu.externaltools.gnu-tools-for-stm32.12.3.rel1.win32_1.1.0.202410251130/tools/bin/../lib/gcc/arm-none-eabi/12.3.1/../../../../arm-none-eabi/lib/thumb/v7e-m+fp/hard\libc_nano.a(libc_a-mallocr.o)
 .text._malloc_r
                0x08003430      0x100 C:/ST/STM32CubeIDE_1.17.0/STM32CubeIDE/plugins/com.st.stm32cube.ide.mcu.externaltools.gnu-tools-for-stm32.12.3.rel1.win32_1.1.0.202410251130/tools/bin/../lib/gcc/arm-none-eabi/12.3.1/../../../../arm-none-eabi/lib/thumb/v7e-m+fp/hard\libc_nano.a(libc_a-mallocr.o)
                0x08003430                _malloc_r
 .text.__malloc_lock
                0x08003530        0xc C:/ST/STM32CubeIDE_1.17.0/STM32CubeIDE/plugins/com.st.stm32cube.ide.mcu.externaltools.gnu-tools-for-stm32.12.3.rel1.win32_1.1.0.202410251130/tools/bin/../lib/gcc/arm-none-eabi/12.3.1/../../../../arm-none-eabi/lib/thumb/v7e-m+fp/hard\libc_nano.a(libc_a-mlock.o)
                0x08003530                __malloc_lock
 .text.__malloc_unlock
                0x0800353c        0xc C:/ST/STM32CubeIDE_1.17.0/STM32CubeIDE/plugins/com.st.stm32cube.ide.mcu.externaltools.gnu-tools-for-stm32.12.3.rel1.win32_1.1.0.202410251130/tools/bin/../lib/gcc/arm-none-eabi/12.3.1/../../../../arm-none-eabi/lib/thumb/v7e-m+fp/hard\libc_nano.a(libc_a-mlock.o)
                0x0800353c                __malloc_unlock
 .text.__ssputs_r
                0x08003548       0xb6 C:/ST/STM32CubeIDE_1.17.0/STM32CubeIDE/plugins/com.st.stm32cube.ide.mcu.externaltools.gnu-tools-for-stm32.12.3.rel1.win32_1.1.0.202410251130/tools/bin/../lib/gcc/arm-none-eabi/12.3.1/../../../../arm-none-eabi/lib/thumb/v7e-m+fp/hard\libc_nano.a(libc_a-nano-svfprintf.o)
                0x08003548                __ssputs_r
 *fill*         0x080035fe        0x2 
 .text._svfprintf_r
                0x08003600      0x1f8 C:/ST/STM32CubeIDE_1.17.0/STM32CubeIDE/plugins/com.st.stm32cube.ide.mcu.externaltools.gnu-tools-for-stm32.12.3.rel1.win32_1.1.0.202410251130/tools/bin/../lib/gcc/arm-none-eabi/12.3.1/../../../../arm-none-eabi/lib/thumb/v7e-m+fp/hard\libc_nano.a(libc_a-nano-svfprintf.o)
                0x08003600                _svfiprintf_r
                0x08003600                _svfprintf_r
 .text._printf_common
                0x080037f8       0xda C:/ST/STM32CubeIDE_1.17.0/STM32CubeIDE/plugins/com.st.stm32cube.ide.mcu.externaltools.gnu-tools-for-stm32.12.3.rel1.win32_1.1.0.202410251130/tools/bin/../lib/gcc/arm-none-eabi/12.3.1/../../../../arm-none-eabi/lib/thumb/v7e-m+fp/hard\libc_nano.a(libc_a-nano-vfprintf_i.o)
                0x080037f8                _printf_common
 *fill*         0x080038d2        0x2 
 .text._printf_i
                0x080038d4      0x240 C:/ST/STM32CubeIDE_1.17.0/STM32CubeIDE/plugins/com.st.stm32cube.ide.mcu.externaltools.gnu-tools-for-stm32.12.3.rel1.win32_1.1.0.202410251130/tools/bin/../lib/gcc/arm-none-eabi/12.3.1/../../../../arm-none-eabi/lib/thumb/v7e-m+fp/hard\libc_nano.a(libc_a-nano-vfprintf_i.o)
                0x080038d4                _printf_i
 .text.memmove  0x08003b14       0x34 C:/ST/STM32CubeIDE_1.17.0/STM32CubeIDE/plugins/com.st.stm32cube.ide.mcu.externaltools.gnu-tools-for-stm32.12.3.rel1.win32_1.1.0.202410251130/tools/bin/../lib/gcc/arm-none-eabi/12.3.1/../../../../arm-none-eabi/lib/thumb/v7e-m+fp/hard\libc_nano.a(libc_a-memmove.o)
                0x08003b14                memmove
 .text._sbrk_r  0x08003b48       0x20 C:/ST/STM32CubeIDE_1.17.0/STM32CubeIDE/plugins/com.st.stm32cube.ide.mcu.externaltools.gnu-tools-for-stm32.12.3.rel1.win32_1.1.0.202410251130/tools/bin/../lib/gcc/arm-none-eabi/12.3.1/../../../../arm-none-eabi/lib/thumb/v7e-m+fp/hard\libc_nano.a(libc_a-sbrkr.o)
                0x08003b48                _sbrk_r
 .text.memcpy   0x08003b68       0x1c C:/ST/STM32CubeIDE_1.17.0/STM32CubeIDE/plugins/com.st.stm32cube.ide.mcu.externaltools.gnu-tools-for-stm32.12.3.rel1.win32_1.1.0.202410251130/tools/bin/../lib/gcc/arm-none-eabi/12.3.1/../../../../arm-none-eabi/lib/thumb/v7e-m+fp/hard\libc_nano.a(libc_a-memcpy-stub.o)
                0x08003b68                memcpy
 .text._realloc_r
                0x08003b84       0x5c C:/ST/STM32CubeIDE_1.17.0/STM32CubeIDE/plugins/com.st.stm32cube.ide.mcu.externaltools.gnu-tools-for-stm32.12.3.rel1.win32_1.1.0.202410251130/tools/bin/../lib/gcc/arm-none-eabi/12.3.1/../../../../arm-none-eabi/lib/thumb/v7e-m+fp/hard\libc_nano.a(libc_a-reallocr.o)
                0x08003b84                _realloc_r
 .text._malloc_usable_size_r
                0x08003be0       0x10 C:/ST/STM32CubeIDE_1.17.0/STM32CubeIDE/plugins/com.st.stm32cube.ide.mcu.externaltools.gnu-tools-for-stm32.12.3.rel1.win32_1.1.0.202410251130/tools/bin/../lib/gcc/arm-none-eabi/12.3.1/../../../../arm-none-eabi/lib/thumb/v7e-m+fp/hard\libc_nano.a(libc_a-msizer.o)
                0x08003be0                _malloc_usable_size_r
 *(.glue_7)
 .glue_7        0x08003bf0        0x0 linker stubs
 *(.glue_7t)
 .glue_7t       0x08003bf0        0x0 linker stubs
 *(.eh_frame)
 .eh_frame      0x08003bf0        0x0 C:/ST/STM32CubeIDE_1.17.0/STM32CubeIDE/plugins/com.st.stm32cube.ide.mcu.externaltools.gnu-tools-for-stm32.12.3.rel1.win32_1.1.0.202410251130/tools/bin/../lib/gcc/arm-none-eabi/12.3.1/thumb/v7e-m+fp/hard/crtbegin.o
 *(.init)
 .init          0x08003bf0        0x4 C:/ST/STM32CubeIDE_1.17.0/STM32CubeIDE/plugins/com.st.stm32cube.ide.mcu.externaltools.gnu-tools-for-stm32.12.3.rel1.win32_1.1.0.202410251130/tools/bin/../lib/gcc/arm-none-eabi/12.3.1/thumb/v7e-m+fp/hard/crti.o
                0x08003bf0                _init
 .init          0x08003bf4        0x8 C:/ST/STM32CubeIDE_1.17.0/STM32CubeIDE/plugins/com.st.stm32cube.ide.mcu.externaltools.gnu-tools-for-stm32.12.3.rel1.win32_1.1.0.202410251130/tools/bin/../lib/gcc/arm-none-eabi/12.3.1/thumb/v7e-m+fp/hard/crtn.o
 *(.fini)
 .fini          0x08003bfc        0x4 C:/ST/STM32CubeIDE_1.17.0/STM32CubeIDE/plugins/com.st.stm32cube.ide.mcu.externaltools.gnu-tools-for-stm32.12.3.rel1.win32_1.1.0.202410251130/tools/bin/../lib/gcc/arm-none-eabi/12.3.1/thumb/v7e-m+fp/hard/crti.o
                0x08003bfc                _fini
 .fini          0x08003c00        0x8 C:/ST/STM32CubeIDE_1.17.0/STM32CubeIDE/plugins/com.st.stm32cube.ide.mcu.externaltools.gnu-tools-for-stm32.12.3.rel1.win32_1.1.0.202410251130/tools/bin/../lib/gcc/arm-none-eabi/12.3.1/thumb/v7e-m+fp/hard/crtn.o
                0x08003c08                        . = ALIGN (0x4)
                0x08003c08                        _etext = .

.vfp11_veneer   0x08003c08        0x0
 .vfp11_veneer  0x08003c08        0x0 linker stubs

.v4_bx          0x08003c08        0x0
 .v4_bx         0x08003c08        0x0 linker stubs

.iplt           0x08003c08        0x0
 .iplt          0x08003c08        0x0 C:/ST/STM32CubeIDE_1.17.0/STM32CubeIDE/plugins/com.st.stm32cube.ide.mcu.externaltools.gnu-tools-for-stm32.12.3.rel1.win32_1.1.0.202410251130/tools/bin/../lib/gcc/arm-none-eabi/12.3.1/thumb/v7e-m+fp/hard/crtbegin.o

.rodata         0x08003c08      0x27c
                0x08003c08                        . = ALIGN (0x4)
 *(.rodata)
 .rodata        0x08003c08      0x1a9 ./Core/Src/app_command.o
 *fill*         0x08003db1        0x3 
 .rodata        0x08003db4       0x29 ./Core/Src/app_log.o
 *fill*         0x08003ddd        0x3 
 .rodata        0x08003de0       0x3f ./Core/Src/app_main.o
 *fill*         0x08003e1f        0x1 
 .rodata        0x08003e20       0x16 ./Core/Src/app_system.o
 *(.rodata*)
 *fill*         0x08003e36        0x2 
 .rodata.AHBPrescTable
                0x08003e38       0x10 ./Core/Src/system_stm32f7xx.o
                0x08003e38                AHBPrescTable
 .rodata.APBPrescTable
                0x08003e48        0x8 ./Core/Src/system_stm32f7xx.o
                0x08003e48                APBPrescTable
 .rodata._svfprintf_r.str1.1
                0x08003e50       0x11 C:/ST/STM32CubeIDE_1.17.0/STM32CubeIDE/plugins/com.st.stm32cube.ide.mcu.externaltools.gnu-tools-for-stm32.12.3.rel1.win32_1.1.0.202410251130/tools/bin/../lib/gcc/arm-none-eabi/12.3.1/../../../../arm-none-eabi/lib/thumb/v7e-m+fp/hard\libc_nano.a(libc_a-nano-svfprintf.o)
 .rodata._printf_i.str1.1
                0x08003e61       0x22 C:/ST/STM32CubeIDE_1.17.0/STM32CubeIDE/plugins/com.st.stm32cube.ide.mcu.externaltools.gnu-tools-for-stm32.12.3.rel1.win32_1.1.0.202410251130/tools/bin/../lib/gcc/arm-none-eabi/12.3.1/../../../../arm-none-eabi/lib/thumb/v7e-m+fp/hard\libc_nano.a(libc_a-nano-vfprintf_i.o)
                0x08003e84                        . = ALIGN (0x4)
 *fill*         0x08003e83        0x1 

.ARM.extab      0x08003e84        0x0
                0x08003e84                        . = ALIGN (0x4)
 *(.ARM.extab* .gnu.linkonce.armextab.*)
                0x08003e84                        . = ALIGN (0x4)

.ARM            0x08003e84        0x8
                0x08003e84                        . = ALIGN (0x4)
                0x08003e84                        __exidx_start = .
 *(.ARM.exidx*)
 .ARM.exidx     0x08003e84        0x8 C:/ST/STM32CubeIDE_1.17.0/STM32CubeIDE/plugins/com.st.stm32cube.ide.mcu.externaltools.gnu-tools-for-stm32.12.3.rel1.win32_1.1.0.202410251130/tools/bin/../lib/gcc/arm-none-eabi/12.3.1/../../../../arm-none-eabi/lib/thumb/v7e-m+fp/hard\libc_nano.a(libc_a-strcmp.o)
 .ARM.exidx     0x08003e8c        0x0 C:/ST/STM32CubeIDE_1.17.0/STM32CubeIDE/plugins/com.st.stm32cube.ide.mcu.externaltools.gnu-tools-for-stm32.12.3.rel1.win32_1.1.0.202410251130/tools/bin/../lib/gcc/arm-none-eabi/12.3.1/../../../../arm-none-eabi/lib/thumb/v7e-m+fp/hard\libc_nano.a(libc_a-strlen.o)
                                  0x8 (size before relaxing)
 .ARM.exidx     0x08003e8c        0x0 C:/ST/STM32CubeIDE_1.17.0/STM32CubeIDE/plugins/com.st.stm32cube.ide.mcu.externaltools.gnu-tools-for-stm32.12.3.rel1.win32_1.1.0.202410251130/tools/bin/../lib/gcc/arm-none-eabi/12.3.1/../../../../arm-none-eabi/lib/thumb/v7e-m+fp/hard\libc_nano.a(libc_a-memchr.o)
                                  0x8 (size before relaxing)
 .ARM.exidx     0x08003e8c        0x0 C:/ST/STM32CubeIDE_1.17.0/STM32CubeIDE/plugins/com.st.stm32cube.ide.mcu.externaltools.gnu-tools-for-stm32.12.3.rel1.win32_1.1.0.202410251130/tools/bin/../lib/gcc/arm-none-eabi/12.3.1/thumb/v7e-m+fp/hard\libgcc.a(_udivmoddi4.o)
                                  0x8 (size before relaxing)
                0x08003e8c                        __exidx_end = .
                0x08003e8c                        . = ALIGN (0x4)

.preinit_array  0x08003e8c        0x0
                0x08003e8c                        . = ALIGN (0x4)
                0x08003e8c                        PROVIDE (__preinit_array_start = .)
 *(.preinit_array*)
                0x08003e8c                        PROVIDE (__preinit_array_end = .)
                0x08003e8c                        . = ALIGN (0x4)

.init_array     0x08003e8c        0x4
                0x08003e8c                        . = ALIGN (0x4)
                0x08003e8c                        PROVIDE (__init_array_start = .)
 *(SORT_BY_NAME(.init_array.*))
 *(.init_array*)
 .init_array    0x08003e8c        0x4 C:/ST/STM32CubeIDE_1.17.0/STM32CubeIDE/plugins/com.st.stm32cube.ide.mcu.externaltools.gnu-tools-for-stm32.12.3.rel1.win32_1.1.0.202410251130/tools/bin/../lib/gcc/arm-none-eabi/12.3.1/thumb/v7e-m+fp/hard/crtbegin.o
                0x08003e90                        PROVIDE (__init_array_end = .)
                0x08003e90                        . = ALIGN (0x4)

.fini_array     0x08003e90        0x4
                0x08003e90                        . = ALIGN (0x4)
                [!provide]                        PROVIDE (__fini_array_start = .)
 *(SORT_BY_NAME(.fini_array.*))
 *(.fini_array*)
 .fini_array    0x08003e90        0x4 C:/ST/STM32CubeIDE_1.17.0/STM32CubeIDE/plugins/com.st.stm32cube.ide.mcu.externaltools.gnu-tools-for-stm32.12.3.rel1.win32_1.1.0.202410251130/tools/bin/../lib/gcc/arm-none-eabi/12.3.1/thumb/v7e-m+fp/hard/crtbegin.o
                [!provide]                        PROVIDE (__fini_array_end = .)
                0x08003e94                        . = ALIGN (0x4)
                0x08003e94                        _sidata = LOADADDR (.data)

.rel.dyn        0x08003e94        0x0
 .rel.iplt      0x08003e94        0x0 C:/ST/STM32CubeIDE_1.17.0/STM32CubeIDE/plugins/com.st.stm32cube.ide.mcu.externaltools.gnu-tools-for-stm32.12.3.rel1.win32_1.1.0.202410251130/tools/bin/../lib/gcc/arm-none-eabi/12.3.1/thumb/v7e-m+fp/hard/crtbegin.o

.data           0x20000000       0x5c load address 0x08003e94
                0x20000000                        . = ALIGN (0x4)
                0x20000000                        _sdata = .
 *(.data)
 *(.data*)
 .data.SystemCoreClock
                0x20000000        0x4 ./Core/Src/system_stm32f7xx.o
                0x20000000                SystemCoreClock
 .data.uwTickPrio
                0x20000004        0x4 ./Drivers/STM32F7xx_HAL_Driver/Src/stm32f7xx_hal.o
                0x20000004                uwTickPrio
 .data.uwTickFreq
                0x20000008        0x1 ./Drivers/STM32F7xx_HAL_Driver/Src/stm32f7xx_hal.o
                0x20000008                uwTickFreq
 *fill*         0x20000009        0x3 
 .data._impure_ptr
                0x2000000c        0x4 C:/ST/STM32CubeIDE_1.17.0/STM32CubeIDE/plugins/com.st.stm32cube.ide.mcu.externaltools.gnu-tools-for-stm32.12.3.rel1.win32_1.1.0.202410251130/tools/bin/../lib/gcc/arm-none-eabi/12.3.1/../../../../arm-none-eabi/lib/thumb/v7e-m+fp/hard\libc_nano.a(libc_a-impure.o)
                0x2000000c                _impure_ptr
 .data._impure_data
                0x20000010       0x4c C:/ST/STM32CubeIDE_1.17.0/STM32CubeIDE/plugins/com.st.stm32cube.ide.mcu.externaltools.gnu-tools-for-stm32.12.3.rel1.win32_1.1.0.202410251130/tools/bin/../lib/gcc/arm-none-eabi/12.3.1/../../../../arm-none-eabi/lib/thumb/v7e-m+fp/hard\libc_nano.a(libc_a-impure.o)
                0x20000010                _impure_data
 *(.RamFunc)
 *(.RamFunc*)
                0x2000005c                        . = ALIGN (0x4)
                0x2000005c                        _edata = .

.igot.plt       0x2000005c        0x0 load address 0x08003ef0
 .igot.plt      0x2000005c        0x0 C:/ST/STM32CubeIDE_1.17.0/STM32CubeIDE/plugins/com.st.stm32cube.ide.mcu.externaltools.gnu-tools-for-stm32.12.3.rel1.win32_1.1.0.202410251130/tools/bin/../lib/gcc/arm-none-eabi/12.3.1/thumb/v7e-m+fp/hard/crtbegin.o
                0x2000005c                        . = ALIGN (0x4)

.bss            0x2000005c      0x22c load address 0x08003ef0
                0x2000005c                        _sbss = .
                0x2000005c                        __bss_start__ = _sbss
 *(.bss)
 .bss           0x2000005c       0x1c C:/ST/STM32CubeIDE_1.17.0/STM32CubeIDE/plugins/com.st.stm32cube.ide.mcu.externaltools.gnu-tools-for-stm32.12.3.rel1.win32_1.1.0.202410251130/tools/bin/../lib/gcc/arm-none-eabi/12.3.1/thumb/v7e-m+fp/hard/crtbegin.o
 *(.bss*)
 .bss.rxByte    0x20000078        0x1 ./Core/Src/app_main.o
 *fill*         0x20000079        0x3 
 .bss.rxBuffer  0x2000007c       0x32 ./Core/Src/app_main.o
 .bss.rxIndex   0x200000ae        0x1 ./Core/Src/app_main.o
 .bss.systemState
                0x200000af        0x1 ./Core/Src/app_system.o
 .bss.huart1    0x200000b0       0x88 ./Core/Src/main.o
                0x200000b0                huart1
 .bss.__sbrk_heap_end
                0x20000138        0x4 ./Core/Src/sysmem.o
 .bss.uwTick    0x2000013c        0x4 ./Drivers/STM32F7xx_HAL_Driver/Src/stm32f7xx_hal.o
                0x2000013c                uwTick
 .bss.__sf      0x20000140      0x138 C:/ST/STM32CubeIDE_1.17.0/STM32CubeIDE/plugins/com.st.stm32cube.ide.mcu.externaltools.gnu-tools-for-stm32.12.3.rel1.win32_1.1.0.202410251130/tools/bin/../lib/gcc/arm-none-eabi/12.3.1/../../../../arm-none-eabi/lib/thumb/v7e-m+fp/hard\libc_nano.a(libc_a-findfp.o)
                0x20000140                __sf
 .bss.errno     0x20000278        0x4 C:/ST/STM32CubeIDE_1.17.0/STM32CubeIDE/plugins/com.st.stm32cube.ide.mcu.externaltools.gnu-tools-for-stm32.12.3.rel1.win32_1.1.0.202410251130/tools/bin/../lib/gcc/arm-none-eabi/12.3.1/../../../../arm-none-eabi/lib/thumb/v7e-m+fp/hard\libc_nano.a(libc_a-reent.o)
                0x20000278                errno
 .bss.__lock___malloc_recursive_mutex
                0x2000027c        0x1 C:/ST/STM32CubeIDE_1.17.0/STM32CubeIDE/plugins/com.st.stm32cube.ide.mcu.externaltools.gnu-tools-for-stm32.12.3.rel1.win32_1.1.0.202410251130/tools/bin/../lib/gcc/arm-none-eabi/12.3.1/../../../../arm-none-eabi/lib/thumb/v7e-m+fp/hard\libc_nano.a(libc_a-lock.o)
                0x2000027c                __lock___malloc_recursive_mutex
 *fill*         0x2000027d        0x3 
 .bss.__malloc_sbrk_start
                0x20000280        0x4 C:/ST/STM32CubeIDE_1.17.0/STM32CubeIDE/plugins/com.st.stm32cube.ide.mcu.externaltools.gnu-tools-for-stm32.12.3.rel1.win32_1.1.0.202410251130/tools/bin/../lib/gcc/arm-none-eabi/12.3.1/../../../../arm-none-eabi/lib/thumb/v7e-m+fp/hard\libc_nano.a(libc_a-mallocr.o)
                0x20000280                __malloc_sbrk_start
 .bss.__malloc_free_list
                0x20000284        0x4 C:/ST/STM32CubeIDE_1.17.0/STM32CubeIDE/plugins/com.st.stm32cube.ide.mcu.externaltools.gnu-tools-for-stm32.12.3.rel1.win32_1.1.0.202410251130/tools/bin/../lib/gcc/arm-none-eabi/12.3.1/../../../../arm-none-eabi/lib/thumb/v7e-m+fp/hard\libc_nano.a(libc_a-mallocr.o)
                0x20000284                __malloc_free_list
 *(COMMON)
                0x20000288                        . = ALIGN (0x4)
                0x20000288                        _ebss = .
                0x20000288                        __bss_end__ = _ebss

._user_heap_stack
                0x20000288      0x600 load address 0x08003ef0
                0x20000288                        . = ALIGN (0x8)
                [!provide]                        PROVIDE (end = .)
                0x20000288                        PROVIDE (_end = .)
                0x20000488                        . = (. + _Min_Heap_Size)
 *fill*         0x20000288      0x200 
                0x20000888                        . = (. + _Min_Stack_Size)
 *fill*         0x20000488      0x400 
                0x20000888                        . = ALIGN (0x8)

/DISCARD/
 libc.a(*)
 libm.a(*)
 libgcc.a(*)

.ARM.attributes
                0x00000000       0x30
 *(.ARM.attributes)
 .ARM.attributes
                0x00000000       0x22 C:/ST/STM32CubeIDE_1.17.0/STM32CubeIDE/plugins/com.st.stm32cube.ide.mcu.externaltools.gnu-tools-for-stm32.12.3.rel1.win32_1.1.0.202410251130/tools/bin/../lib/gcc/arm-none-eabi/12.3.1/thumb/v7e-m+fp/hard/crti.o
 .ARM.attributes
                0x00000022       0x34 C:/ST/STM32CubeIDE_1.17.0/STM32CubeIDE/plugins/com.st.stm32cube.ide.mcu.externaltools.gnu-tools-for-stm32.12.3.rel1.win32_1.1.0.202410251130/tools/bin/../lib/gcc/arm-none-eabi/12.3.1/thumb/v7e-m+fp/hard/crtbegin.o
 .ARM.attributes
                0x00000056       0x34 ./Core/Src/app_command.o
 .ARM.attributes
                0x0000008a       0x34 ./Core/Src/app_led.o
 .ARM.attributes
                0x000000be       0x34 ./Core/Src/app_log.o
 .ARM.attributes
                0x000000f2       0x34 ./Core/Src/app_main.o
 .ARM.attributes
                0x00000126       0x34 ./Core/Src/app_system.o
 .ARM.attributes
                0x0000015a       0x34 ./Core/Src/app_uart.o
 .ARM.attributes
                0x0000018e       0x34 ./Core/Src/main.o
 .ARM.attributes
                0x000001c2       0x34 ./Core/Src/stm32f7xx_hal_msp.o
 .ARM.attributes
                0x000001f6       0x34 ./Core/Src/stm32f7xx_it.o
 .ARM.attributes
                0x0000022a       0x34 ./Core/Src/sysmem.o
 .ARM.attributes
                0x0000025e       0x34 ./Core/Src/system_stm32f7xx.o
 .ARM.attributes
                0x00000292       0x21 ./Core/Startup/startup_stm32f746igtx.o
 .ARM.attributes
                0x000002b3       0x34 ./Drivers/STM32F7xx_HAL_Driver/Src/stm32f7xx_hal.o
 .ARM.attributes
                0x000002e7       0x34 ./Drivers/STM32F7xx_HAL_Driver/Src/stm32f7xx_hal_cortex.o
 .ARM.attributes
                0x0000031b       0x34 ./Drivers/STM32F7xx_HAL_Driver/Src/stm32f7xx_hal_gpio.o
 .ARM.attributes
                0x0000034f       0x34 ./Drivers/STM32F7xx_HAL_Driver/Src/stm32f7xx_hal_rcc.o
 .ARM.attributes
                0x00000383       0x34 ./Drivers/STM32F7xx_HAL_Driver/Src/stm32f7xx_hal_rcc_ex.o
 .ARM.attributes
                0x000003b7       0x34 ./Drivers/STM32F7xx_HAL_Driver/Src/stm32f7xx_hal_uart.o
 .ARM.attributes
                0x000003eb       0x34 C:/ST/STM32CubeIDE_1.17.0/STM32CubeIDE/plugins/com.st.stm32cube.ide.mcu.externaltools.gnu-tools-for-stm32.12.3.rel1.win32_1.1.0.202410251130/tools/bin/../lib/gcc/arm-none-eabi/12.3.1/../../../../arm-none-eabi/lib/thumb/v7e-m+fp/hard\libc_nano.a(libc_a-findfp.o)
 .ARM.attributes
                0x0000041f       0x34 C:/ST/STM32CubeIDE_1.17.0/STM32CubeIDE/plugins/com.st.stm32cube.ide.mcu.externaltools.gnu-tools-for-stm32.12.3.rel1.win32_1.1.0.202410251130/tools/bin/../lib/gcc/arm-none-eabi/12.3.1/../../../../arm-none-eabi/lib/thumb/v7e-m+fp/hard\libc_nano.a(libc_a-sprintf.o)
 .ARM.attributes
                0x00000453       0x34 C:/ST/STM32CubeIDE_1.17.0/STM32CubeIDE/plugins/com.st.stm32cube.ide.mcu.externaltools.gnu-tools-for-stm32.12.3.rel1.win32_1.1.0.202410251130/tools/bin/../lib/gcc/arm-none-eabi/12.3.1/../../../../arm-none-eabi/lib/thumb/v7e-m+fp/hard\libc_nano.a(libc_a-memset.o)
 .ARM.attributes
                0x00000487       0x34 C:/ST/STM32CubeIDE_1.17.0/STM32CubeIDE/plugins/com.st.stm32cube.ide.mcu.externaltools.gnu-tools-for-stm32.12.3.rel1.win32_1.1.0.202410251130/tools/bin/../lib/gcc/arm-none-eabi/12.3.1/../../../../arm-none-eabi/lib/thumb/v7e-m+fp/hard\libc_nano.a(libc_a-reent.o)
 .ARM.attributes
                0x000004bb       0x34 C:/ST/STM32CubeIDE_1.17.0/STM32CubeIDE/plugins/com.st.stm32cube.ide.mcu.externaltools.gnu-tools-for-stm32.12.3.rel1.win32_1.1.0.202410251130/tools/bin/../lib/gcc/arm-none-eabi/12.3.1/../../../../arm-none-eabi/lib/thumb/v7e-m+fp/hard\libc_nano.a(libc_a-impure.o)
 .ARM.attributes
                0x000004ef       0x34 C:/ST/STM32CubeIDE_1.17.0/STM32CubeIDE/plugins/com.st.stm32cube.ide.mcu.externaltools.gnu-tools-for-stm32.12.3.rel1.win32_1.1.0.202410251130/tools/bin/../lib/gcc/arm-none-eabi/12.3.1/../../../../arm-none-eabi/lib/thumb/v7e-m+fp/hard\libc_nano.a(libc_a-errno.o)
 .ARM.attributes
                0x00000523       0x34 C:/ST/STM32CubeIDE_1.17.0/STM32CubeIDE/plugins/com.st.stm32cube.ide.mcu.externaltools.gnu-tools-for-stm32.12.3.rel1.win32_1.1.0.202410251130/tools/bin/../lib/gcc/arm-none-eabi/12.3.1/../../../../arm-none-eabi/lib/thumb/v7e-m+fp/hard\libc_nano.a(libc_a-init.o)
 .ARM.attributes
                0x00000557       0x34 C:/ST/STM32CubeIDE_1.17.0/STM32CubeIDE/plugins/com.st.stm32cube.ide.mcu.externaltools.gnu-tools-for-stm32.12.3.rel1.win32_1.1.0.202410251130/tools/bin/../lib/gcc/arm-none-eabi/12.3.1/../../../../arm-none-eabi/lib/thumb/v7e-m+fp/hard\libc_nano.a(libc_a-lock.o)
 .ARM.attributes
                0x0000058b       0x20 C:/ST/STM32CubeIDE_1.17.0/STM32CubeIDE/plugins/com.st.stm32cube.ide.mcu.externaltools.gnu-tools-for-stm32.12.3.rel1.win32_1.1.0.202410251130/tools/bin/../lib/gcc/arm-none-eabi/12.3.1/../../../../arm-none-eabi/lib/thumb/v7e-m+fp/hard\libc_nano.a(libc_a-strcmp.o)
 .ARM.attributes
                0x000005ab       0x17 C:/ST/STM32CubeIDE_1.17.0/STM32CubeIDE/plugins/com.st.stm32cube.ide.mcu.externaltools.gnu-tools-for-stm32.12.3.rel1.win32_1.1.0.202410251130/tools/bin/../lib/gcc/arm-none-eabi/12.3.1/../../../../arm-none-eabi/lib/thumb/v7e-m+fp/hard\libc_nano.a(libc_a-strlen.o)
 .ARM.attributes
                0x000005c2       0x34 C:/ST/STM32CubeIDE_1.17.0/STM32CubeIDE/plugins/com.st.stm32cube.ide.mcu.externaltools.gnu-tools-for-stm32.12.3.rel1.win32_1.1.0.202410251130/tools/bin/../lib/gcc/arm-none-eabi/12.3.1/../../../../arm-none-eabi/lib/thumb/v7e-m+fp/hard\libc_nano.a(libc_a-freer.o)
 .ARM.attributes
                0x000005f6       0x34 C:/ST/STM32CubeIDE_1.17.0/STM32CubeIDE/plugins/com.st.stm32cube.ide.mcu.externaltools.gnu-tools-for-stm32.12.3.rel1.win32_1.1.0.202410251130/tools/bin/../lib/gcc/arm-none-eabi/12.3.1/../../../../arm-none-eabi/lib/thumb/v7e-m+fp/hard\libc_nano.a(libc_a-mallocr.o)
 .ARM.attributes
                0x0000062a       0x34 C:/ST/STM32CubeIDE_1.17.0/STM32CubeIDE/plugins/com.st.stm32cube.ide.mcu.externaltools.gnu-tools-for-stm32.12.3.rel1.win32_1.1.0.202410251130/tools/bin/../lib/gcc/arm-none-eabi/12.3.1/../../../../arm-none-eabi/lib/thumb/v7e-m+fp/hard\libc_nano.a(libc_a-mlock.o)
 .ARM.attributes
                0x0000065e       0x34 C:/ST/STM32CubeIDE_1.17.0/STM32CubeIDE/plugins/com.st.stm32cube.ide.mcu.externaltools.gnu-tools-for-stm32.12.3.rel1.win32_1.1.0.202410251130/tools/bin/../lib/gcc/arm-none-eabi/12.3.1/../../../../arm-none-eabi/lib/thumb/v7e-m+fp/hard\libc_nano.a(libc_a-nano-svfprintf.o)
 .ARM.attributes
                0x00000692       0x34 C:/ST/STM32CubeIDE_1.17.0/STM32CubeIDE/plugins/com.st.stm32cube.ide.mcu.externaltools.gnu-tools-for-stm32.12.3.rel1.win32_1.1.0.202410251130/tools/bin/../lib/gcc/arm-none-eabi/12.3.1/../../../../arm-none-eabi/lib/thumb/v7e-m+fp/hard\libc_nano.a(libc_a-nano-vfprintf_i.o)
 .ARM.attributes
                0x000006c6       0x34 C:/ST/STM32CubeIDE_1.17.0/STM32CubeIDE/plugins/com.st.stm32cube.ide.mcu.externaltools.gnu-tools-for-stm32.12.3.rel1.win32_1.1.0.202410251130/tools/bin/../lib/gcc/arm-none-eabi/12.3.1/../../../../arm-none-eabi/lib/thumb/v7e-m+fp/hard\libc_nano.a(libc_a-memmove.o)
 .ARM.attributes
                0x000006fa       0x34 C:/ST/STM32CubeIDE_1.17.0/STM32CubeIDE/plugins/com.st.stm32cube.ide.mcu.externaltools.gnu-tools-for-stm32.12.3.rel1.win32_1.1.0.202410251130/tools/bin/../lib/gcc/arm-none-eabi/12.3.1/../../../../arm-none-eabi/lib/thumb/v7e-m+fp/hard\libc_nano.a(libc_a-sbrkr.o)
 .ARM.attributes
                0x0000072e       0x1c C:/ST/STM32CubeIDE_1.17.0/STM32CubeIDE/plugins/com.st.stm32cube.ide.mcu.externaltools.gnu-tools-for-stm32.12.3.rel1.win32_1.1.0.202410251130/tools/bin/../lib/gcc/arm-none-eabi/12.3.1/../../../../arm-none-eabi/lib/thumb/v7e-m+fp/hard\libc_nano.a(libc_a-memchr.o)
 .ARM.attributes
                0x0000074a       0x34 C:/ST/STM32CubeIDE_1.17.0/STM32CubeIDE/plugins/com.st.stm32cube.ide.mcu.externaltools.gnu-tools-for-stm32.12.3.rel1.win32_1.1.0.202410251130/tools/bin/../lib/gcc/arm-none-eabi/12.3.1/../../../../arm-none-eabi/lib/thumb/v7e-m+fp/hard\libc_nano.a(libc_a-memcpy-stub.o)
 .ARM.attributes
                0x0000077e       0x34 C:/ST/STM32CubeIDE_1.17.0/STM32CubeIDE/plugins/com.st.stm32cube.ide.mcu.externaltools.gnu-tools-for-stm32.12.3.rel1.win32_1.1.0.202410251130/tools/bin/../lib/gcc/arm-none-eabi/12.3.1/../../../../arm-none-eabi/lib/thumb/v7e-m+fp/hard\libc_nano.a(libc_a-reallocr.o)
 .ARM.attributes
                0x000007b2       0x34 C:/ST/STM32CubeIDE_1.17.0/STM32CubeIDE/plugins/com.st.stm32cube.ide.mcu.externaltools.gnu-tools-for-stm32.12.3.rel1.win32_1.1.0.202410251130/tools/bin/../lib/gcc/arm-none-eabi/12.3.1/../../../../arm-none-eabi/lib/thumb/v7e-m+fp/hard\libc_nano.a(libc_a-msizer.o)
 .ARM.attributes
                0x000007e6       0x22 C:/ST/STM32CubeIDE_1.17.0/STM32CubeIDE/plugins/com.st.stm32cube.ide.mcu.externaltools.gnu-tools-for-stm32.12.3.rel1.win32_1.1.0.202410251130/tools/bin/../lib/gcc/arm-none-eabi/12.3.1/thumb/v7e-m+fp/hard\libgcc.a(_aeabi_uldivmod.o)
 .ARM.attributes
                0x00000808       0x34 C:/ST/STM32CubeIDE_1.17.0/STM32CubeIDE/plugins/com.st.stm32cube.ide.mcu.externaltools.gnu-tools-for-stm32.12.3.rel1.win32_1.1.0.202410251130/tools/bin/../lib/gcc/arm-none-eabi/12.3.1/thumb/v7e-m+fp/hard\libgcc.a(_udivmoddi4.o)
 .ARM.attributes
                0x0000083c       0x22 C:/ST/STM32CubeIDE_1.17.0/STM32CubeIDE/plugins/com.st.stm32cube.ide.mcu.externaltools.gnu-tools-for-stm32.12.3.rel1.win32_1.1.0.202410251130/tools/bin/../lib/gcc/arm-none-eabi/12.3.1/thumb/v7e-m+fp/hard\libgcc.a(_dvmd_tls.o)
 .ARM.attributes
                0x0000085e       0x22 C:/ST/STM32CubeIDE_1.17.0/STM32CubeIDE/plugins/com.st.stm32cube.ide.mcu.externaltools.gnu-tools-for-stm32.12.3.rel1.win32_1.1.0.202410251130/tools/bin/../lib/gcc/arm-none-eabi/12.3.1/thumb/v7e-m+fp/hard/crtn.o
OUTPUT(stm32f7_smart_logger.elf elf32-littlearm)
LOAD linker stubs
LOAD C:/ST/STM32CubeIDE_1.17.0/STM32CubeIDE/plugins/com.st.stm32cube.ide.mcu.externaltools.gnu-tools-for-stm32.12.3.rel1.win32_1.1.0.202410251130/tools/bin/../lib/gcc/arm-none-eabi/12.3.1/../../../../arm-none-eabi/lib/thumb/v7e-m+fp/hard\libc.a
LOAD C:/ST/STM32CubeIDE_1.17.0/STM32CubeIDE/plugins/com.st.stm32cube.ide.mcu.externaltools.gnu-tools-for-stm32.12.3.rel1.win32_1.1.0.202410251130/tools/bin/../lib/gcc/arm-none-eabi/12.3.1/../../../../arm-none-eabi/lib/thumb/v7e-m+fp/hard\libm.a
LOAD C:/ST/STM32CubeIDE_1.17.0/STM32CubeIDE/plugins/com.st.stm32cube.ide.mcu.externaltools.gnu-tools-for-stm32.12.3.rel1.win32_1.1.0.202410251130/tools/bin/../lib/gcc/arm-none-eabi/12.3.1/thumb/v7e-m+fp/hard\libgcc.a

.debug_info     0x00000000     0xa2a6
 .debug_info    0x00000000      0x20c ./Core/Src/app_command.o
 .debug_info    0x0000020c      0x203 ./Core/Src/app_led.o
 .debug_info    0x0000040f       0xfe ./Core/Src/app_log.o
 .debug_info    0x0000050d      0x7a0 ./Core/Src/app_main.o
 .debug_info    0x00000cad      0x16e ./Core/Src/app_system.o
 .debug_info    0x00000e1b      0x713 ./Core/Src/app_uart.o
 .debug_info    0x0000152e      0xd86 ./Core/Src/main.o
 .debug_info    0x000022b4      0xc60 ./Core/Src/stm32f7xx_hal_msp.o
 .debug_info    0x00002f14      0x112 ./Core/Src/stm32f7xx_it.o
 .debug_info    0x00003026      0x168 ./Core/Src/sysmem.o
 .debug_info    0x0000318e      0x6ed ./Core/Src/system_stm32f7xx.o
 .debug_info    0x0000387b       0x30 ./Core/Startup/startup_stm32f746igtx.o
 .debug_info    0x000038ab      0x9d8 ./Drivers/STM32F7xx_HAL_Driver/Src/stm32f7xx_hal.o
 .debug_info    0x00004283      0xf7e ./Drivers/STM32F7xx_HAL_Driver/Src/stm32f7xx_hal_cortex.o
 .debug_info    0x00005201      0x6e7 ./Drivers/STM32F7xx_HAL_Driver/Src/stm32f7xx_hal_gpio.o
 .debug_info    0x000058e8      0x8f0 ./Drivers/STM32F7xx_HAL_Driver/Src/stm32f7xx_hal_rcc.o
 .debug_info    0x000061d8      0x6bd ./Drivers/STM32F7xx_HAL_Driver/Src/stm32f7xx_hal_rcc_ex.o
 .debug_info    0x00006895     0x3a11 ./Drivers/STM32F7xx_HAL_Driver/Src/stm32f7xx_hal_uart.o

.debug_abbrev   0x00000000     0x1c2a
 .debug_abbrev  0x00000000      0x123 ./Core/Src/app_command.o
 .debug_abbrev  0x00000123      0x128 ./Core/Src/app_led.o
 .debug_abbrev  0x0000024b       0x99 ./Core/Src/app_log.o
 .debug_abbrev  0x000002e4      0x1ae ./Core/Src/app_main.o
 .debug_abbrev  0x00000492      0x104 ./Core/Src/app_system.o
 .debug_abbrev  0x00000596      0x16e ./Core/Src/app_uart.o
 .debug_abbrev  0x00000704      0x286 ./Core/Src/main.o
 .debug_abbrev  0x0000098a      0x1d6 ./Core/Src/stm32f7xx_hal_msp.o
 .debug_abbrev  0x00000b60       0x73 ./Core/Src/stm32f7xx_it.o
 .debug_abbrev  0x00000bd3       0xbc ./Core/Src/sysmem.o
 .debug_abbrev  0x00000c8f      0x13b ./Core/Src/system_stm32f7xx.o
 .debug_abbrev  0x00000dca       0x24 ./Core/Startup/startup_stm32f746igtx.o
 .debug_abbrev  0x00000dee      0x213 ./Drivers/STM32F7xx_HAL_Driver/Src/stm32f7xx_hal.o
 .debug_abbrev  0x00001001      0x31e ./Drivers/STM32F7xx_HAL_Driver/Src/stm32f7xx_hal_cortex.o
 .debug_abbrev  0x0000131f      0x1d4 ./Drivers/STM32F7xx_HAL_Driver/Src/stm32f7xx_hal_gpio.o
 .debug_abbrev  0x000014f3      0x288 ./Drivers/STM32F7xx_HAL_Driver/Src/stm32f7xx_hal_rcc.o
 .debug_abbrev  0x0000177b      0x1c9 ./Drivers/STM32F7xx_HAL_Driver/Src/stm32f7xx_hal_rcc_ex.o
 .debug_abbrev  0x00001944      0x2e6 ./Drivers/STM32F7xx_HAL_Driver/Src/stm32f7xx_hal_uart.o

.debug_aranges  0x00000000      0x7e0
 .debug_aranges
                0x00000000       0x20 ./Core/Src/app_command.o
 .debug_aranges
                0x00000020       0x38 ./Core/Src/app_led.o
 .debug_aranges
                0x00000058       0x30 ./Core/Src/app_log.o
 .debug_aranges
                0x00000088       0x28 ./Core/Src/app_main.o
 .debug_aranges
                0x000000b0       0x48 ./Core/Src/app_system.o
 .debug_aranges
                0x000000f8       0x20 ./Core/Src/app_uart.o
 .debug_aranges
                0x00000118       0x48 ./Core/Src/main.o
 .debug_aranges
                0x00000160       0x30 ./Core/Src/stm32f7xx_hal_msp.o
 .debug_aranges
                0x00000190       0x60 ./Core/Src/stm32f7xx_it.o
 .debug_aranges
                0x000001f0       0x20 ./Core/Src/sysmem.o
 .debug_aranges
                0x00000210       0x28 ./Core/Src/system_stm32f7xx.o
 .debug_aranges
                0x00000238       0x28 ./Core/Startup/startup_stm32f746igtx.o
 .debug_aranges
                0x00000260      0x100 ./Drivers/STM32F7xx_HAL_Driver/Src/stm32f7xx_hal.o
 .debug_aranges
                0x00000360      0x128 ./Drivers/STM32F7xx_HAL_Driver/Src/stm32f7xx_hal_cortex.o
 .debug_aranges
                0x00000488       0x58 ./Drivers/STM32F7xx_HAL_Driver/Src/stm32f7xx_hal_gpio.o
 .debug_aranges
                0x000004e0       0x88 ./Drivers/STM32F7xx_HAL_Driver/Src/stm32f7xx_hal_rcc.o
 .debug_aranges
                0x00000568       0x50 ./Drivers/STM32F7xx_HAL_Driver/Src/stm32f7xx_hal_rcc_ex.o
 .debug_aranges
                0x000005b8      0x228 ./Drivers/STM32F7xx_HAL_Driver/Src/stm32f7xx_hal_uart.o

.debug_rnglists
                0x00000000      0x5e2
 .debug_rnglists
                0x00000000       0x14 ./Core/Src/app_command.o
 .debug_rnglists
                0x00000014       0x25 ./Core/Src/app_led.o
 .debug_rnglists
                0x00000039       0x1f ./Core/Src/app_log.o
 .debug_rnglists
                0x00000058       0x1a ./Core/Src/app_main.o
 .debug_rnglists
                0x00000072       0x31 ./Core/Src/app_system.o
 .debug_rnglists
                0x000000a3       0x13 ./Core/Src/app_uart.o
 .debug_rnglists
                0x000000b6       0x32 ./Core/Src/main.o
 .debug_rnglists
                0x000000e8       0x20 ./Core/Src/stm32f7xx_hal_msp.o
 .debug_rnglists
                0x00000108       0x43 ./Core/Src/stm32f7xx_it.o
 .debug_rnglists
                0x0000014b       0x13 ./Core/Src/sysmem.o
 .debug_rnglists
                0x0000015e       0x1a ./Core/Src/system_stm32f7xx.o
 .debug_rnglists
                0x00000178       0x19 ./Core/Startup/startup_stm32f746igtx.o
 .debug_rnglists
                0x00000191       0xbb ./Drivers/STM32F7xx_HAL_Driver/Src/stm32f7xx_hal.o
 .debug_rnglists
                0x0000024c       0xda ./Drivers/STM32F7xx_HAL_Driver/Src/stm32f7xx_hal_cortex.o
 .debug_rnglists
                0x00000326       0x3f ./Drivers/STM32F7xx_HAL_Driver/Src/stm32f7xx_hal_gpio.o
 .debug_rnglists
                0x00000365       0x67 ./Drivers/STM32F7xx_HAL_Driver/Src/stm32f7xx_hal_rcc.o
 .debug_rnglists
                0x000003cc       0x3c ./Drivers/STM32F7xx_HAL_Driver/Src/stm32f7xx_hal_rcc_ex.o
 .debug_rnglists
                0x00000408      0x1da ./Drivers/STM32F7xx_HAL_Driver/Src/stm32f7xx_hal_uart.o

.debug_macro    0x00000000    0x25b17
 .debug_macro   0x00000000      0x310 ./Core/Src/app_command.o
 .debug_macro   0x00000310      0xab4 ./Core/Src/app_command.o
 .debug_macro   0x00000dc4      0x28d ./Core/Src/app_command.o
 .debug_macro   0x00001051       0x2e ./Core/Src/app_command.o
 .debug_macro   0x0000107f       0x3b ./Core/Src/app_command.o
 .debug_macro   0x000010ba       0x22 ./Core/Src/app_command.o
 .debug_macro   0x000010dc       0x8e ./Core/Src/app_command.o
 .debug_macro   0x0000116a       0x51 ./Core/Src/app_command.o
 .debug_macro   0x000011bb      0x103 ./Core/Src/app_command.o
 .debug_macro   0x000012be       0x6a ./Core/Src/app_command.o
 .debug_macro   0x00001328      0x1df ./Core/Src/app_command.o
 .debug_macro   0x00001507       0x1c ./Core/Src/app_command.o
 .debug_macro   0x00001523       0x22 ./Core/Src/app_command.o
 .debug_macro   0x00001545       0xd9 ./Core/Src/app_command.o
 .debug_macro   0x0000161e     0x12cd ./Core/Src/app_command.o
 .debug_macro   0x000028eb      0x11f ./Core/Src/app_command.o
 .debug_macro   0x00002a0a       0x19 ./Core/Src/app_command.o
 .debug_macro   0x00002a23    0x19222 ./Core/Src/app_command.o
 .debug_macro   0x0001bc45       0x6d ./Core/Src/app_command.o
 .debug_macro   0x0001bcb2     0x375e ./Core/Src/app_command.o
 .debug_macro   0x0001f410      0x189 ./Core/Src/app_command.o
 .debug_macro   0x0001f599       0x63 ./Core/Src/app_command.o
 .debug_macro   0x0001f5fc     0x18ad ./Core/Src/app_command.o
 .debug_macro   0x00020ea9      0x6c4 ./Core/Src/app_command.o
 .debug_macro   0x0002156d      0x185 ./Core/Src/app_command.o
 .debug_macro   0x000216f2      0x115 ./Core/Src/app_command.o
 .debug_macro   0x00021807      0x1fd ./Core/Src/app_command.o
 .debug_macro   0x00021a04       0xa5 ./Core/Src/app_command.o
 .debug_macro   0x00021aa9      0x24f ./Core/Src/app_command.o
 .debug_macro   0x00021cf8       0x41 ./Core/Src/app_command.o
 .debug_macro   0x00021d39       0x58 ./Core/Src/app_command.o
 .debug_macro   0x00021d91      0x236 ./Core/Src/app_command.o
 .debug_macro   0x00021fc7      0x14e ./Core/Src/app_command.o
 .debug_macro   0x00022115      0x25a ./Core/Src/app_command.o
 .debug_macro   0x0002236f       0x12 ./Core/Src/app_command.o
 .debug_macro   0x00022381      0x22c ./Core/Src/app_command.o
 .debug_macro   0x000225ad       0x61 ./Core/Src/app_command.o
 .debug_macro   0x0002260e       0xa5 ./Core/Src/app_command.o
 .debug_macro   0x000226b3      0x12e ./Core/Src/app_command.o
 .debug_macro   0x000227e1      0x108 ./Core/Src/app_command.o
 .debug_macro   0x000228e9       0x35 ./Core/Src/app_command.o
 .debug_macro   0x0002291e      0x56d ./Core/Src/app_command.o
 .debug_macro   0x00022e8b       0x44 ./Core/Src/app_command.o
 .debug_macro   0x00022ecf      0x14d ./Core/Src/app_command.o
 .debug_macro   0x0002301c       0x61 ./Core/Src/app_command.o
 .debug_macro   0x0002307d       0x2a ./Core/Src/app_command.o
 .debug_macro   0x000230a7       0x43 ./Core/Src/app_command.o
 .debug_macro   0x000230ea       0x34 ./Core/Src/app_command.o
 .debug_macro   0x0002311e       0x16 ./Core/Src/app_command.o
 .debug_macro   0x00023134       0x43 ./Core/Src/app_command.o
 .debug_macro   0x00023177       0x34 ./Core/Src/app_command.o
 .debug_macro   0x000231ab       0x10 ./Core/Src/app_command.o
 .debug_macro   0x000231bb       0x58 ./Core/Src/app_command.o
 .debug_macro   0x00023213       0x8e ./Core/Src/app_command.o
 .debug_macro   0x000232a1       0x1c ./Core/Src/app_command.o
 .debug_macro   0x000232bd      0x177 ./Core/Src/app_command.o
 .debug_macro   0x00023434      0x369 ./Core/Src/app_command.o
 .debug_macro   0x0002379d       0x10 ./Core/Src/app_command.o
 .debug_macro   0x000237ad       0x35 ./Core/Src/app_command.o
 .debug_macro   0x000237e2       0x20 ./Core/Src/app_command.o
 .debug_macro   0x00023802       0x1c ./Core/Src/app_command.o
 .debug_macro   0x0002381e       0x10 ./Core/Src/app_command.o
 .debug_macro   0x0002382e       0x1c ./Core/Src/app_command.o
 .debug_macro   0x0002384a       0x16 ./Core/Src/app_command.o
 .debug_macro   0x00023860      0x146 ./Core/Src/app_command.o
 .debug_macro   0x000239a6      0x1eb ./Core/Src/app_led.o
 .debug_macro   0x00023b91       0x28 ./Core/Src/app_led.o
 .debug_macro   0x00023bb9      0x1f6 ./Core/Src/app_log.o
 .debug_macro   0x00023daf      0x2db ./Core/Src/app_main.o
 .debug_macro   0x0002408a      0x1e2 ./Core/Src/app_system.o
 .debug_macro   0x0002426c      0x2c3 ./Core/Src/app_uart.o
 .debug_macro   0x0002452f      0x1e6 ./Core/Src/main.o
 .debug_macro   0x00024715      0x1d8 ./Core/Src/stm32f7xx_hal_msp.o
 .debug_macro   0x000248ed      0x1e2 ./Core/Src/stm32f7xx_it.o
 .debug_macro   0x00024acf       0xff ./Core/Src/sysmem.o
 .debug_macro   0x00024bce      0x23c ./Core/Src/sysmem.o
 .debug_macro   0x00024e0a      0x1ce ./Core/Src/system_stm32f7xx.o
 .debug_macro   0x00024fd8      0x1f2 ./Drivers/STM32F7xx_HAL_Driver/Src/stm32f7xx_hal.o
 .debug_macro   0x000251ca      0x1ce ./Drivers/STM32F7xx_HAL_Driver/Src/stm32f7xx_hal_cortex.o
 .debug_macro   0x00025398      0x1d4 ./Drivers/STM32F7xx_HAL_Driver/Src/stm32f7xx_hal_gpio.o
 .debug_macro   0x0002556c      0x1f2 ./Drivers/STM32F7xx_HAL_Driver/Src/stm32f7xx_hal_rcc.o
 .debug_macro   0x0002575e      0x1ce ./Drivers/STM32F7xx_HAL_Driver/Src/stm32f7xx_hal_rcc_ex.o
 .debug_macro   0x0002592c      0x1eb ./Drivers/STM32F7xx_HAL_Driver/Src/stm32f7xx_hal_uart.o

.debug_line     0x00000000     0xc9a3
 .debug_line    0x00000000      0x979 ./Core/Src/app_command.o
 .debug_line    0x00000979      0x797 ./Core/Src/app_led.o
 .debug_line    0x00001110      0x794 ./Core/Src/app_log.o
 .debug_line    0x000018a4      0x940 ./Core/Src/app_main.o
 .debug_line    0x000021e4      0x7d1 ./Core/Src/app_system.o
 .debug_line    0x000029b5      0x8c8 ./Core/Src/app_uart.o
 .debug_line    0x0000327d      0x85f ./Core/Src/main.o
 .debug_line    0x00003adc      0x79f ./Core/Src/stm32f7xx_hal_msp.o
 .debug_line    0x0000427b      0x803 ./Core/Src/stm32f7xx_it.o
 .debug_line    0x00004a7e      0x579 ./Core/Src/sysmem.o
 .debug_line    0x00004ff7      0x7b4 ./Core/Src/system_stm32f7xx.o
 .debug_line    0x000057ab       0x7a ./Core/Startup/startup_stm32f746igtx.o
 .debug_line    0x00005825      0xa63 ./Drivers/STM32F7xx_HAL_Driver/Src/stm32f7xx_hal.o
 .debug_line    0x00006288      0xd05 ./Drivers/STM32F7xx_HAL_Driver/Src/stm32f7xx_hal_cortex.o
 .debug_line    0x00006f8d      0xbe9 ./Drivers/STM32F7xx_HAL_Driver/Src/stm32f7xx_hal_gpio.o
 .debug_line    0x00007b76      0xe92 ./Drivers/STM32F7xx_HAL_Driver/Src/stm32f7xx_hal_rcc.o
 .debug_line    0x00008a08      0xe48 ./Drivers/STM32F7xx_HAL_Driver/Src/stm32f7xx_hal_rcc_ex.o
 .debug_line    0x00009850     0x3153 ./Drivers/STM32F7xx_HAL_Driver/Src/stm32f7xx_hal_uart.o

.debug_str      0x00000000    0xe5e7b
 .debug_str     0x00000000    0xe2fd5 ./Core/Src/app_command.o
                              0xe3698 (size before relaxing)
 .debug_str     0x000e2fd5      0x113 ./Core/Src/app_led.o
                              0xdff28 (size before relaxing)
 .debug_str     0x000e30e8       0x16 ./Core/Src/app_log.o
                              0xdfe00 (size before relaxing)
 .debug_str     0x000e30fe      0x503 ./Core/Src/app_main.o
                              0xe3541 (size before relaxing)
 .debug_str     0x000e3601       0x4a ./Core/Src/app_system.o
                              0xdfe95 (size before relaxing)
 .debug_str     0x000e364b       0x1e ./Core/Src/app_uart.o
                              0xe34c5 (size before relaxing)
 .debug_str     0x000e3669      0x3e8 ./Core/Src/main.o
                              0xe0731 (size before relaxing)
 .debug_str     0x000e3a51      0x2c5 ./Core/Src/stm32f7xx_hal_msp.o
                              0xe071f (size before relaxing)
 .debug_str     0x000e3d16       0xc9 ./Core/Src/stm32f7xx_it.o
                              0xdfe65 (size before relaxing)
 .debug_str     0x000e3ddf      0x4dc ./Core/Src/sysmem.o
                               0x60d4 (size before relaxing)
 .debug_str     0x000e42bb      0x1a4 ./Core/Src/system_stm32f7xx.o
                              0xe0075 (size before relaxing)
 .debug_str     0x000e445f       0x7a ./Core/Startup/startup_stm32f746igtx.o
 .debug_str     0x000e44d9      0x9b7 ./Drivers/STM32F7xx_HAL_Driver/Src/stm32f7xx_hal.o
                              0xe09d3 (size before relaxing)
 .debug_str     0x000e4e90      0x2d0 ./Drivers/STM32F7xx_HAL_Driver/Src/stm32f7xx_hal_cortex.o
                              0xe09f0 (size before relaxing)
 .debug_str     0x000e5160       0xe1 ./Drivers/STM32F7xx_HAL_Driver/Src/stm32f7xx_hal_gpio.o
                              0xe0128 (size before relaxing)
 .debug_str     0x000e5241      0x252 ./Drivers/STM32F7xx_HAL_Driver/Src/stm32f7xx_hal_rcc.o
                              0xe03cc (size before relaxing)
 .debug_str     0x000e5493      0x14f ./Drivers/STM32F7xx_HAL_Driver/Src/stm32f7xx_hal_rcc_ex.o
                              0xe0304 (size before relaxing)
 .debug_str     0x000e55e2      0x899 ./Drivers/STM32F7xx_HAL_Driver/Src/stm32f7xx_hal_uart.o
                              0xe0d19 (size before relaxing)

.comment        0x00000000       0x43
 .comment       0x00000000       0x43 ./Core/Src/app_command.o
                                 0x44 (size before relaxing)
 .comment       0x00000043       0x44 ./Core/Src/app_led.o
 .comment       0x00000043       0x44 ./Core/Src/app_log.o
 .comment       0x00000043       0x44 ./Core/Src/app_main.o
 .comment       0x00000043       0x44 ./Core/Src/app_system.o
 .comment       0x00000043       0x44 ./Core/Src/app_uart.o
 .comment       0x00000043       0x44 ./Core/Src/main.o
 .comment       0x00000043       0x44 ./Core/Src/stm32f7xx_hal_msp.o
 .comment       0x00000043       0x44 ./Core/Src/stm32f7xx_it.o
 .comment       0x00000043       0x44 ./Core/Src/sysmem.o
 .comment       0x00000043       0x44 ./Core/Src/system_stm32f7xx.o
 .comment       0x00000043       0x44 ./Drivers/STM32F7xx_HAL_Driver/Src/stm32f7xx_hal.o
 .comment       0x00000043       0x44 ./Drivers/STM32F7xx_HAL_Driver/Src/stm32f7xx_hal_cortex.o
 .comment       0x00000043       0x44 ./Drivers/STM32F7xx_HAL_Driver/Src/stm32f7xx_hal_gpio.o
 .comment       0x00000043       0x44 ./Drivers/STM32F7xx_HAL_Driver/Src/stm32f7xx_hal_rcc.o
 .comment       0x00000043       0x44 ./Drivers/STM32F7xx_HAL_Driver/Src/stm32f7xx_hal_rcc_ex.o
 .comment       0x00000043       0x44 ./Drivers/STM32F7xx_HAL_Driver/Src/stm32f7xx_hal_uart.o

.debug_frame    0x00000000     0x2244
 .debug_frame   0x00000000       0x34 ./Core/Src/app_command.o
 .debug_frame   0x00000034       0x80 ./Core/Src/app_led.o
 .debug_frame   0x000000b4       0x7c ./Core/Src/app_log.o
 .debug_frame   0x00000130       0x48 ./Core/Src/app_main.o
 .debug_frame   0x00000178       0xd4 ./Core/Src/app_system.o
 .debug_frame   0x0000024c       0x34 ./Core/Src/app_uart.o
 .debug_frame   0x00000280       0xcc ./Core/Src/main.o
 .debug_frame   0x0000034c       0x84 ./Core/Src/stm32f7xx_hal_msp.o
 .debug_frame   0x000003d0      0x104 ./Core/Src/stm32f7xx_it.o
 .debug_frame   0x000004d4       0x34 ./Core/Src/sysmem.o
 .debug_frame   0x00000508       0x58 ./Core/Src/system_stm32f7xx.o
 .debug_frame   0x00000560      0x3b4 ./Drivers/STM32F7xx_HAL_Driver/Src/stm32f7xx_hal.o
 .debug_frame   0x00000914      0x4e8 ./Drivers/STM32F7xx_HAL_Driver/Src/stm32f7xx_hal_cortex.o
 .debug_frame   0x00000dfc      0x14c ./Drivers/STM32F7xx_HAL_Driver/Src/stm32f7xx_hal_gpio.o
 .debug_frame   0x00000f48      0x1f8 ./Drivers/STM32F7xx_HAL_Driver/Src/stm32f7xx_hal_rcc.o
 .debug_frame   0x00001140      0x118 ./Drivers/STM32F7xx_HAL_Driver/Src/stm32f7xx_hal_rcc_ex.o
 .debug_frame   0x00001258      0x9e8 ./Drivers/STM32F7xx_HAL_Driver/Src/stm32f7xx_hal_uart.o
 .debug_frame   0x00001c40      0x144 C:/ST/STM32CubeIDE_1.17.0/STM32CubeIDE/plugins/com.st.stm32cube.ide.mcu.externaltools.gnu-tools-for-stm32.12.3.rel1.win32_1.1.0.202410251130/tools/bin/../lib/gcc/arm-none-eabi/12.3.1/../../../../arm-none-eabi/lib/thumb/v7e-m+fp/hard\libc_nano.a(libc_a-findfp.o)
 .debug_frame   0x00001d84       0x6c C:/ST/STM32CubeIDE_1.17.0/STM32CubeIDE/plugins/com.st.stm32cube.ide.mcu.externaltools.gnu-tools-for-stm32.12.3.rel1.win32_1.1.0.202410251130/tools/bin/../lib/gcc/arm-none-eabi/12.3.1/../../../../arm-none-eabi/lib/thumb/v7e-m+fp/hard\libc_nano.a(libc_a-sprintf.o)
 .debug_frame   0x00001df0       0x20 C:/ST/STM32CubeIDE_1.17.0/STM32CubeIDE/plugins/com.st.stm32cube.ide.mcu.externaltools.gnu-tools-for-stm32.12.3.rel1.win32_1.1.0.202410251130/tools/bin/../lib/gcc/arm-none-eabi/12.3.1/../../../../arm-none-eabi/lib/thumb/v7e-m+fp/hard\libc_nano.a(libc_a-memset.o)
 .debug_frame   0x00001e10       0x38 C:/ST/STM32CubeIDE_1.17.0/STM32CubeIDE/plugins/com.st.stm32cube.ide.mcu.externaltools.gnu-tools-for-stm32.12.3.rel1.win32_1.1.0.202410251130/tools/bin/../lib/gcc/arm-none-eabi/12.3.1/../../../../arm-none-eabi/lib/thumb/v7e-m+fp/hard\libc_nano.a(libc_a-reent.o)
 .debug_frame   0x00001e48       0x20 C:/ST/STM32CubeIDE_1.17.0/STM32CubeIDE/plugins/com.st.stm32cube.ide.mcu.externaltools.gnu-tools-for-stm32.12.3.rel1.win32_1.1.0.202410251130/tools/bin/../lib/gcc/arm-none-eabi/12.3.1/../../../../arm-none-eabi/lib/thumb/v7e-m+fp/hard\libc_nano.a(libc_a-errno.o)
 .debug_frame   0x00001e68       0x2c C:/ST/STM32CubeIDE_1.17.0/STM32CubeIDE/plugins/com.st.stm32cube.ide.mcu.externaltools.gnu-tools-for-stm32.12.3.rel1.win32_1.1.0.202410251130/tools/bin/../lib/gcc/arm-none-eabi/12.3.1/../../../../arm-none-eabi/lib/thumb/v7e-m+fp/hard\libc_nano.a(libc_a-init.o)
 .debug_frame   0x00001e94       0xb0 C:/ST/STM32CubeIDE_1.17.0/STM32CubeIDE/plugins/com.st.stm32cube.ide.mcu.externaltools.gnu-tools-for-stm32.12.3.rel1.win32_1.1.0.202410251130/tools/bin/../lib/gcc/arm-none-eabi/12.3.1/../../../../arm-none-eabi/lib/thumb/v7e-m+fp/hard\libc_nano.a(libc_a-lock.o)
 .debug_frame   0x00001f44       0x20 C:/ST/STM32CubeIDE_1.17.0/STM32CubeIDE/plugins/com.st.stm32cube.ide.mcu.externaltools.gnu-tools-for-stm32.12.3.rel1.win32_1.1.0.202410251130/tools/bin/../lib/gcc/arm-none-eabi/12.3.1/../../../../arm-none-eabi/lib/thumb/v7e-m+fp/hard\libc_nano.a(libc_a-strcmp.o)
 .debug_frame   0x00001f64       0x38 C:/ST/STM32CubeIDE_1.17.0/STM32CubeIDE/plugins/com.st.stm32cube.ide.mcu.externaltools.gnu-tools-for-stm32.12.3.rel1.win32_1.1.0.202410251130/tools/bin/../lib/gcc/arm-none-eabi/12.3.1/../../../../arm-none-eabi/lib/thumb/v7e-m+fp/hard\libc_nano.a(libc_a-freer.o)
 .debug_frame   0x00001f9c       0x50 C:/ST/STM32CubeIDE_1.17.0/STM32CubeIDE/plugins/com.st.stm32cube.ide.mcu.externaltools.gnu-tools-for-stm32.12.3.rel1.win32_1.1.0.202410251130/tools/bin/../lib/gcc/arm-none-eabi/12.3.1/../../../../arm-none-eabi/lib/thumb/v7e-m+fp/hard\libc_nano.a(libc_a-mallocr.o)
 .debug_frame   0x00001fec       0x30 C:/ST/STM32CubeIDE_1.17.0/STM32CubeIDE/plugins/com.st.stm32cube.ide.mcu.externaltools.gnu-tools-for-stm32.12.3.rel1.win32_1.1.0.202410251130/tools/bin/../lib/gcc/arm-none-eabi/12.3.1/../../../../arm-none-eabi/lib/thumb/v7e-m+fp/hard\libc_nano.a(libc_a-mlock.o)
 .debug_frame   0x0000201c       0x90 C:/ST/STM32CubeIDE_1.17.0/STM32CubeIDE/plugins/com.st.stm32cube.ide.mcu.externaltools.gnu-tools-for-stm32.12.3.rel1.win32_1.1.0.202410251130/tools/bin/../lib/gcc/arm-none-eabi/12.3.1/../../../../arm-none-eabi/lib/thumb/v7e-m+fp/hard\libc_nano.a(libc_a-nano-svfprintf.o)
 .debug_frame   0x000020ac       0x60 C:/ST/STM32CubeIDE_1.17.0/STM32CubeIDE/plugins/com.st.stm32cube.ide.mcu.externaltools.gnu-tools-for-stm32.12.3.rel1.win32_1.1.0.202410251130/tools/bin/../lib/gcc/arm-none-eabi/12.3.1/../../../../arm-none-eabi/lib/thumb/v7e-m+fp/hard\libc_nano.a(libc_a-nano-vfprintf_i.o)
 .debug_frame   0x0000210c       0x28 C:/ST/STM32CubeIDE_1.17.0/STM32CubeIDE/plugins/com.st.stm32cube.ide.mcu.externaltools.gnu-tools-for-stm32.12.3.rel1.win32_1.1.0.202410251130/tools/bin/../lib/gcc/arm-none-eabi/12.3.1/../../../../arm-none-eabi/lib/thumb/v7e-m+fp/hard\libc_nano.a(libc_a-memmove.o)
 .debug_frame   0x00002134       0x2c C:/ST/STM32CubeIDE_1.17.0/STM32CubeIDE/plugins/com.st.stm32cube.ide.mcu.externaltools.gnu-tools-for-stm32.12.3.rel1.win32_1.1.0.202410251130/tools/bin/../lib/gcc/arm-none-eabi/12.3.1/../../../../arm-none-eabi/lib/thumb/v7e-m+fp/hard\libc_nano.a(libc_a-sbrkr.o)
 .debug_frame   0x00002160       0x28 C:/ST/STM32CubeIDE_1.17.0/STM32CubeIDE/plugins/com.st.stm32cube.ide.mcu.externaltools.gnu-tools-for-stm32.12.3.rel1.win32_1.1.0.202410251130/tools/bin/../lib/gcc/arm-none-eabi/12.3.1/../../../../arm-none-eabi/lib/thumb/v7e-m+fp/hard\libc_nano.a(libc_a-memcpy-stub.o)
 .debug_frame   0x00002188       0x3c C:/ST/STM32CubeIDE_1.17.0/STM32CubeIDE/plugins/com.st.stm32cube.ide.mcu.externaltools.gnu-tools-for-stm32.12.3.rel1.win32_1.1.0.202410251130/tools/bin/../lib/gcc/arm-none-eabi/12.3.1/../../../../arm-none-eabi/lib/thumb/v7e-m+fp/hard\libc_nano.a(libc_a-reallocr.o)
 .debug_frame   0x000021c4       0x20 C:/ST/STM32CubeIDE_1.17.0/STM32CubeIDE/plugins/com.st.stm32cube.ide.mcu.externaltools.gnu-tools-for-stm32.12.3.rel1.win32_1.1.0.202410251130/tools/bin/../lib/gcc/arm-none-eabi/12.3.1/../../../../arm-none-eabi/lib/thumb/v7e-m+fp/hard\libc_nano.a(libc_a-msizer.o)
 .debug_frame   0x000021e4       0x2c C:/ST/STM32CubeIDE_1.17.0/STM32CubeIDE/plugins/com.st.stm32cube.ide.mcu.externaltools.gnu-tools-for-stm32.12.3.rel1.win32_1.1.0.202410251130/tools/bin/../lib/gcc/arm-none-eabi/12.3.1/thumb/v7e-m+fp/hard\libgcc.a(_aeabi_uldivmod.o)
 .debug_frame   0x00002210       0x34 C:/ST/STM32CubeIDE_1.17.0/STM32CubeIDE/plugins/com.st.stm32cube.ide.mcu.externaltools.gnu-tools-for-stm32.12.3.rel1.win32_1.1.0.202410251130/tools/bin/../lib/gcc/arm-none-eabi/12.3.1/thumb/v7e-m+fp/hard\libgcc.a(_udivmoddi4.o)

.debug_line_str
                0x00000000       0x5e
 .debug_line_str
                0x00000000       0x5e ./Core/Startup/startup_stm32f746igtx.o
